Archive member included to satisfy reference by file (symbol)

c:/st/stm32cubeide_1.5.1/stm32cubeide/plugins/com.st.stm32cube.ide.mcu.externaltools.gnu-tools-for-stm32.9-2020-q2-update.win32_1.5.0.202011040924/tools/bin/../lib/gcc/arm-none-eabi/9.3.1/../../../../arm-none-eabi/lib/thumb/v7e-m+fp/hard\libc_nano.a(lib_a-errno.o)
                              Core/Src/syscalls.o (__errno)
c:/st/stm32cubeide_1.5.1/stm32cubeide/plugins/com.st.stm32cube.ide.mcu.externaltools.gnu-tools-for-stm32.9-2020-q2-update.win32_1.5.0.202011040924/tools/bin/../lib/gcc/arm-none-eabi/9.3.1/../../../../arm-none-eabi/lib/thumb/v7e-m+fp/hard\libc_nano.a(lib_a-exit.o)
                              c:/st/stm32cubeide_1.5.1/stm32cubeide/plugins/com.st.stm32cube.ide.mcu.externaltools.gnu-tools-for-stm32.9-2020-q2-update.win32_1.5.0.202011040924/tools/bin/../lib/gcc/arm-none-eabi/9.3.1/../../../../arm-none-eabi/lib/thumb/v7e-m+fp/hard/crt0.o (exit)
c:/st/stm32cubeide_1.5.1/stm32cubeide/plugins/com.st.stm32cube.ide.mcu.externaltools.gnu-tools-for-stm32.9-2020-q2-update.win32_1.5.0.202011040924/tools/bin/../lib/gcc/arm-none-eabi/9.3.1/../../../../arm-none-eabi/lib/thumb/v7e-m+fp/hard\libc_nano.a(lib_a-impure.o)
                              c:/st/stm32cubeide_1.5.1/stm32cubeide/plugins/com.st.stm32cube.ide.mcu.externaltools.gnu-tools-for-stm32.9-2020-q2-update.win32_1.5.0.202011040924/tools/bin/../lib/gcc/arm-none-eabi/9.3.1/../../../../arm-none-eabi/lib/thumb/v7e-m+fp/hard\libc_nano.a(lib_a-exit.o) (_global_impure_ptr)
c:/st/stm32cubeide_1.5.1/stm32cubeide/plugins/com.st.stm32cube.ide.mcu.externaltools.gnu-tools-for-stm32.9-2020-q2-update.win32_1.5.0.202011040924/tools/bin/../lib/gcc/arm-none-eabi/9.3.1/../../../../arm-none-eabi/lib/thumb/v7e-m+fp/hard\libc_nano.a(lib_a-init.o)
                              c:/st/stm32cubeide_1.5.1/stm32cubeide/plugins/com.st.stm32cube.ide.mcu.externaltools.gnu-tools-for-stm32.9-2020-q2-update.win32_1.5.0.202011040924/tools/bin/../lib/gcc/arm-none-eabi/9.3.1/../../../../arm-none-eabi/lib/thumb/v7e-m+fp/hard/crt0.o (__libc_init_array)
c:/st/stm32cubeide_1.5.1/stm32cubeide/plugins/com.st.stm32cube.ide.mcu.externaltools.gnu-tools-for-stm32.9-2020-q2-update.win32_1.5.0.202011040924/tools/bin/../lib/gcc/arm-none-eabi/9.3.1/../../../../arm-none-eabi/lib/thumb/v7e-m+fp/hard\libc_nano.a(lib_a-memcpy-stub.o)
                              Middlewares/Third_Party/FreeRTOS/Source/queue.o (memcpy)
c:/st/stm32cubeide_1.5.1/stm32cubeide/plugins/com.st.stm32cube.ide.mcu.externaltools.gnu-tools-for-stm32.9-2020-q2-update.win32_1.5.0.202011040924/tools/bin/../lib/gcc/arm-none-eabi/9.3.1/../../../../arm-none-eabi/lib/thumb/v7e-m+fp/hard\libc_nano.a(lib_a-memset.o)
                              c:/st/stm32cubeide_1.5.1/stm32cubeide/plugins/com.st.stm32cube.ide.mcu.externaltools.gnu-tools-for-stm32.9-2020-q2-update.win32_1.5.0.202011040924/tools/bin/../lib/gcc/arm-none-eabi/9.3.1/../../../../arm-none-eabi/lib/thumb/v7e-m+fp/hard/crt0.o (memset)
c:/st/stm32cubeide_1.5.1/stm32cubeide/plugins/com.st.stm32cube.ide.mcu.externaltools.gnu-tools-for-stm32.9-2020-q2-update.win32_1.5.0.202011040924/tools/bin/../lib/gcc/arm-none-eabi/9.3.1/../../../../arm-none-eabi/lib/thumb/v7e-m+fp/hard\libc_nano.a(lib_a-strlen.o)
                              Core/Src/main.o (strlen)
c:/st/stm32cubeide_1.5.1/stm32cubeide/plugins/com.st.stm32cube.ide.mcu.externaltools.gnu-tools-for-stm32.9-2020-q2-update.win32_1.5.0.202011040924/tools/bin/../lib/gcc/arm-none-eabi/9.3.1/thumb/v7e-m+fp/hard\libgcc.a(_aeabi_uldivmod.o)
                              Drivers/STM32F4xx_HAL_Driver/Src/stm32f4xx_hal_rcc.o (__aeabi_uldivmod)
c:/st/stm32cubeide_1.5.1/stm32cubeide/plugins/com.st.stm32cube.ide.mcu.externaltools.gnu-tools-for-stm32.9-2020-q2-update.win32_1.5.0.202011040924/tools/bin/../lib/gcc/arm-none-eabi/9.3.1/thumb/v7e-m+fp/hard\libgcc.a(_udivmoddi4.o)
                              c:/st/stm32cubeide_1.5.1/stm32cubeide/plugins/com.st.stm32cube.ide.mcu.externaltools.gnu-tools-for-stm32.9-2020-q2-update.win32_1.5.0.202011040924/tools/bin/../lib/gcc/arm-none-eabi/9.3.1/thumb/v7e-m+fp/hard\libgcc.a(_aeabi_uldivmod.o) (__udivmoddi4)
c:/st/stm32cubeide_1.5.1/stm32cubeide/plugins/com.st.stm32cube.ide.mcu.externaltools.gnu-tools-for-stm32.9-2020-q2-update.win32_1.5.0.202011040924/tools/bin/../lib/gcc/arm-none-eabi/9.3.1/thumb/v7e-m+fp/hard\libgcc.a(_dvmd_tls.o)
                              c:/st/stm32cubeide_1.5.1/stm32cubeide/plugins/com.st.stm32cube.ide.mcu.externaltools.gnu-tools-for-stm32.9-2020-q2-update.win32_1.5.0.202011040924/tools/bin/../lib/gcc/arm-none-eabi/9.3.1/thumb/v7e-m+fp/hard\libgcc.a(_aeabi_uldivmod.o) (__aeabi_ldiv0)

Allocating common symbols
Common symbol       size              file

HighTaskHandle      0x4               Core/Src/main.o
uwTick              0x4               Drivers/STM32F4xx_HAL_Driver/Src/stm32f4xx_hal.o
xQueueRegistry      0x40              Middlewares/Third_Party/FreeRTOS/Source/queue.o
[...]
Memory Configuration

Name             Origin             Length             Attributes
CCMRAM           0x0000000010000000 0x0000000000010000 xrw
RAM              0x0000000020000000 0x0000000000020000 xrw
FLASH            0x0000000008000000 0x0000000000100000 xr
*default*        0x0000000000000000 0xffffffffffffffff

Linker script and memory map

LOAD c:/st/stm32cubeide_1.5.1/stm32cubeide/plugins/com.st.stm32cube.ide.mcu.externaltools.gnu-tools-for-stm32.9-2020-q2-update.win32_1.5.0.202011040924/tools/bin/../lib/gcc/arm-none-eabi/9.3.1/thumb/v7e-m+fp/hard/crti.o
LOAD c:/st/stm32cubeide_1.5.1/stm32cubeide/plugins/com.st.stm32cube.ide.mcu.externaltools.gnu-tools-for-stm32.9-2020-q2-update.win32_1.5.0.202011040924/tools/bin/../lib/gcc/arm-none-eabi/9.3.1/thumb/v7e-m+fp/hard/crtbegin.o
LOAD c:/st/stm32cubeide_1.5.1/stm32cubeide/plugins/com.st.stm32cube.ide.mcu.externaltools.gnu-tools-for-stm32.9-2020-q2-update.win32_1.5.0.202011040924/tools/bin/../lib/gcc/arm-none-eabi/9.3.1/../../../../arm-none-eabi/lib/thumb/v7e-m+fp/hard/crt0.o
LOAD Core/Src/freertos.o
LOAD Core/Src/main.o
LOAD Core/Src/stm32f4xx_hal_msp.o
LOAD Core/Src/stm32f4xx_hal_timebase_tim.o
LOAD Core/Src/stm32f4xx_it.o
LOAD Core/Src/syscalls.o
LOAD Core/Src/sysmem.o
LOAD Core/Src/system_stm32f4xx.o
LOAD Core/Startup/startup_stm32f407vgtx.o
LOAD Drivers/STM32F4xx_HAL_Driver/Src/stm32f4xx_hal.o
LOAD Drivers/STM32F4xx_HAL_Driver/Src/stm32f4xx_hal_cortex.o
LOAD Drivers/STM32F4xx_HAL_Driver/Src/stm32f4xx_hal_dma.o
LOAD Drivers/STM32F4xx_HAL_Driver/Src/stm32f4xx_hal_dma_ex.o
LOAD Drivers/STM32F4xx_HAL_Driver/Src/stm32f4xx_hal_exti.o
LOAD Drivers/STM32F4xx_HAL_Driver/Src/stm32f4xx_hal_flash.o
LOAD Drivers/STM32F4xx_HAL_Driver/Src/stm32f4xx_hal_flash_ex.o
LOAD Drivers/STM32F4xx_HAL_Driver/Src/stm32f4xx_hal_flash_ramfunc.o
LOAD Drivers/STM32F4xx_HAL_Driver/Src/stm32f4xx_hal_gpio.o
LOAD Drivers/STM32F4xx_HAL_Driver/Src/stm32f4xx_hal_pwr.o
LOAD Drivers/STM32F4xx_HAL_Driver/Src/stm32f4xx_hal_pwr_ex.o
LOAD Drivers/STM32F4xx_HAL_Driver/Src/stm32f4xx_hal_rcc.o
LOAD Drivers/STM32F4xx_HAL_Driver/Src/stm32f4xx_hal_rcc_ex.o
LOAD Drivers/STM32F4xx_HAL_Driver/Src/stm32f4xx_hal_tim.o
LOAD Drivers/STM32F4xx_HAL_Driver/Src/stm32f4xx_hal_tim_ex.o
LOAD Drivers/STM32F4xx_HAL_Driver/Src/stm32f4xx_hal_uart.o
LOAD Middlewares/Third_Party/FreeRTOS/Source/CMSIS_RTOS/cmsis_os.o
LOAD Middlewares/Third_Party/FreeRTOS/Source/croutine.o
LOAD Middlewares/Third_Party/FreeRTOS/Source/event_groups.o
LOAD Middlewares/Third_Party/FreeRTOS/Source/list.o
LOAD Middlewares/Third_Party/FreeRTOS/Source/queue.o
LOAD Middlewares/Third_Party/FreeRTOS/Source/stream_buffer.o
LOAD Middlewares/Third_Party/FreeRTOS/Source/tasks.o
LOAD Middlewares/Third_Party/FreeRTOS/Source/timers.o
LOAD Middlewares/Third_Party/FreeRTOS/Source/portable/GCC/ARM_CM4F/port.o
LOAD Middlewares/Third_Party/FreeRTOS/Source/portable/MemMang/heap_4.o
START GROUP
LOAD c:/st/stm32cubeide_1.5.1/stm32cubeide/plugins/com.st.stm32cube.ide.mcu.externaltools.gnu-tools-for-stm32.9-2020-q2-update.win32_1.5.0.202011040924/tools/bin/../lib/gcc/arm-none-eabi/9.3.1/../../../../arm-none-eabi/lib/thumb/v7e-m+fp/hard\libc_nano.a
LOAD c:/st/stm32cubeide_1.5.1/stm32cubeide/plugins/com.st.stm32cube.ide.mcu.externaltools.gnu-tools-for-stm32.9-2020-q2-update.win32_1.5.0.202011040924/tools/bin/../lib/gcc/arm-none-eabi/9.3.1/../../../../arm-none-eabi/lib/thumb/v7e-m+fp/hard\libm.a
END GROUP
START GROUP
LOAD c:/st/stm32cubeide_1.5.1/stm32cubeide/plugins/com.st.stm32cube.ide.mcu.externaltools.gnu-tools-for-stm32.9-2020-q2-update.win32_1.5.0.202011040924/tools/bin/../lib/gcc/arm-none-eabi/9.3.1/thumb/v7e-m+fp/hard\libgcc.a
LOAD c:/st/stm32cubeide_1.5.1/stm32cubeide/plugins/com.st.stm32cube.ide.mcu.externaltools.gnu-tools-for-stm32.9-2020-q2-update.win32_1.5.0.202011040924/tools/bin/../lib/gcc/arm-none-eabi/9.3.1/../../../../arm-none-eabi/lib/thumb/v7e-m+fp/hard\libc_nano.a
END GROUP
START GROUP
LOAD c:/st/stm32cubeide_1.5.1/stm32cubeide/plugins/com.st.stm32cube.ide.mcu.externaltools.gnu-tools-for-stm32.9-2020-q2-update.win32_1.5.0.202011040924/tools/bin/../lib/gcc/arm-none-eabi/9.3.1/thumb/v7e-m+fp/hard\libgcc.a
LOAD c:/st/stm32cubeide_1.5.1/stm32cubeide/plugins/com.st.stm32cube.ide.mcu.externaltools.gnu-tools-for-stm32.9-2020-q2-update.win32_1.5.0.202011040924/tools/bin/../lib/gcc/arm-none-eabi/9.3.1/../../../../arm-none-eabi/lib/thumb/v7e-m+fp/hard\libc_nano.a
LOAD c:/st/stm32cubeide_1.5.1/stm32cubeide/plugins/com.st.stm32cube.ide.mcu.externaltools.gnu-tools-for-stm32.9-2020-q2-update.win32_1.5.0.202011040924/tools/bin/../lib/gcc/arm-none-eabi/9.3.1/../../../../arm-none-eabi/lib/thumb/v7e-m+fp/hard\libnosys.a
END GROUP
START GROUP
LOAD c:/st/stm32cubeide_1.5.1/stm32cubeide/plugins/com.st.stm32cube.ide.mcu.externaltools.gnu-tools-for-stm32.9-2020-q2-update.win32_1.5.0.202011040924/tools/bin/../lib/gcc/arm-none-eabi/9.3.1/thumb/v7e-m+fp/hard\libgcc.a
LOAD c:/st/stm32cubeide_1.5.1/stm32cubeide/plugins/com.st.stm32cube.ide.mcu.externaltools.gnu-tools-for-stm32.9-2020-q2-update.win32_1.5.0.202011040924/tools/bin/../lib/gcc/arm-none-eabi/9.3.1/../../../../arm-none-eabi/lib/thumb/v7e-m+fp/hard\libc_nano.a
LOAD c:/st/stm32cubeide_1.5.1/stm32cubeide/plugins/com.st.stm32cube.ide.mcu.externaltools.gnu-tools-for-stm32.9-2020-q2-update.win32_1.5.0.202011040924/tools/bin/../lib/gcc/arm-none-eabi/9.3.1/../../../../arm-none-eabi/lib/thumb/v7e-m+fp/hard\libnosys.a
END GROUP
LOAD c:/st/stm32cubeide_1.5.1/stm32cubeide/plugins/com.st.stm32cube.ide.mcu.externaltools.gnu-tools-for-stm32.9-2020-q2-update.win32_1.5.0.202011040924/tools/bin/../lib/gcc/arm-none-eabi/9.3.1/thumb/v7e-m+fp/hard/crtend.o
LOAD c:/st/stm32cubeide_1.5.1/stm32cubeide/plugins/com.st.stm32cube.ide.mcu.externaltools.gnu-tools-for-stm32.9-2020-q2-update.win32_1.5.0.202011040924/tools/bin/../lib/gcc/arm-none-eabi/9.3.1/thumb/v7e-m+fp/hard/crtn.o
                0x0000000020020000                _estack = (ORIGIN (RAM) + LENGTH (RAM))
                0x0000000000000200                _Min_Heap_Size = 0x200
                0x0000000000000400                _Min_Stack_Size = 0x400

.isr_vector     0x0000000008000000      0x188
                0x0000000008000000                . = ALIGN (0x4)
 *(.isr_vector)
 .isr_vector    0x0000000008000000      0x188 Core/Startup/startup_stm32f407vgtx.o
                0x0000000008000000                g_pfnVectors
                0x0000000008000188                . = ALIGN (0x4)

.text           0x0000000008000190     0x4bc8
                0x0000000008000190                . = ALIGN (0x4)
 *(.text)
 .text          0x0000000008000190       0x40 c:/st/stm32cubeide_1.5.1/stm32cubeide/plugins/com.st.stm32cube.ide.mcu.externaltools.gnu-tools-for-stm32.9-2020-q2-update.win32_1.5.0.202011040924/tools/bin/../lib/gcc/arm-none-eabi/9.3.1/thumb/v7e-m+fp/hard/crtbegin.o
 .text          0x00000000080001d0       0x10 c:/st/stm32cubeide_1.5.1/stm32cubeide/plugins/com.st.stm32cube.ide.mcu.externaltools.gnu-tools-for-stm32.9-2020-q2-update.win32_1.5.0.202011040924/tools/bin/../lib/gcc/arm-none-eabi/9.3.1/../../../../arm-none-eabi/lib/thumb/v7e-m+fp/hard\libc_nano.a(lib_a-strlen.o)
                0x00000000080001d0                strlen
 .text          0x00000000080001e0       0x30 c:/st/stm32cubeide_1.5.1/stm32cubeide/plugins/com.st.stm32cube.ide.mcu.externaltools.gnu-tools-for-stm32.9-2020-q2-update.win32_1.5.0.202011040924/tools/bin/../lib/gcc/arm-none-eabi/9.3.1/thumb/v7e-m+fp/hard\libgcc.a(_aeabi_uldivmod.o)
                0x00000000080001e0                __aeabi_uldivmod
 .text          0x0000000008000210      0x2c4 c:/st/stm32cubeide_1.5.1/stm32cubeide/plugins/com.st.stm32cube.ide.mcu.externaltools.gnu-tools-for-stm32.9-2020-q2-update.win32_1.5.0.202011040924/tools/bin/../lib/gcc/arm-none-eabi/9.3.1/thumb/v7e-m+fp/hard\libgcc.a(_udivmoddi4.o)
                0x0000000008000210                __udivmoddi4
 .text          0x00000000080004d4        0x4 c:/st/stm32cubeide_1.5.1/stm32cubeide/plugins/com.st.stm32cube.ide.mcu.externaltools.gnu-tools-for-stm32.9-2020-q2-update.win32_1.5.0.202011040924/tools/bin/../lib/gcc/arm-none-eabi/9.3.1/thumb/v7e-m+fp/hard\libgcc.a(_dvmd_tls.o)
                0x00000000080004d4                __aeabi_idiv0
                0x00000000080004d4                __aeabi_ldiv0
 *(.text*)
 .text.vApplicationGetIdleTaskMemory
                0x00000000080004d8       0x34 Core/Src/freertos.o
                0x00000000080004d8                vApplicationGetIdleTaskMemory
 .text.main     0x000000000800050c       0xc0 Core/Src/main.o
                0x000000000800050c                main
 .text.SystemClock_Config
                0x00000000080005cc       0xd4 Core/Src/main.o
                0x00000000080005cc                SystemClock_Config
 .text.MX_USART2_UART_Init
                0x00000000080006a0       0x54 Core/Src/main.o
 .text.MX_GPIO_Init
                0x00000000080006f4       0x78 Core/Src/main.o
 .text.Startnormaltask
                0x000000000800076c       0x50 Core/Src/main.o
                0x000000000800076c                Startnormaltask
 .text.Starthightask
                0x00000000080007bc       0x88 Core/Src/main.o
                0x00000000080007bc                Starthightask
 .text.Startlowtask
                0x0000000008000844       0x9c Core/Src/main.o
                0x0000000008000844                Startlowtask
 .text.HAL_TIM_PeriodElapsedCallback
                0x00000000080008e0       0x24 Core/Src/main.o
                0x00000000080008e0                HAL_TIM_PeriodElapsedCallback
 .text.Error_Handler
                0x0000000008000904        0xa Core/Src/main.o
                0x0000000008000904                Error_Handler
 *fill*         0x000000000800090e        0x2 
 .text.HAL_MspInit
                0x0000000008000910       0x58 Core/Src/stm32f4xx_hal_msp.o
                0x0000000008000910                HAL_MspInit
 .text.HAL_UART_MspInit
                0x0000000008000968       0x90 Core/Src/stm32f4xx_hal_msp.o
                0x0000000008000968                HAL_UART_MspInit
 .text.HAL_InitTick
                0x00000000080009f8       0xb4 Core/Src/stm32f4xx_hal_timebase_tim.o
                0x00000000080009f8                HAL_InitTick
 .text.NMI_Handler
                0x0000000008000aac        0x6 Core/Src/stm32f4xx_it.o
                0x0000000008000aac                NMI_Handler
 .text.HardFault_Handler
                0x0000000008000ab2        0x6 Core/Src/stm32f4xx_it.o
                0x0000000008000ab2                HardFault_Handler
 .text.MemManage_Handler
                0x0000000008000ab8        0x6 Core/Src/stm32f4xx_it.o
                0x0000000008000ab8                MemManage_Handler
 .text.BusFault_Handler
                0x0000000008000abe        0x6 Core/Src/stm32f4xx_it.o
                0x0000000008000abe                BusFault_Handler
 .text.UsageFault_Handler
                0x0000000008000ac4        0x6 Core/Src/stm32f4xx_it.o
                0x0000000008000ac4                UsageFault_Handler
 .text.DebugMon_Handler
                0x0000000008000aca        0xe Core/Src/stm32f4xx_it.o
                0x0000000008000aca                DebugMon_Handler
 .text.TIM1_UP_TIM10_IRQHandler
                0x0000000008000ad8       0x14 Core/Src/stm32f4xx_it.o
                0x0000000008000ad8                TIM1_UP_TIM10_IRQHandler
 .text.SystemInit
                0x0000000008000aec       0x24 Core/Src/system_stm32f4xx.o
                0x0000000008000aec                SystemInit
 .text.Reset_Handler
                0x0000000008000b10       0x50 Core/Startup/startup_stm32f407vgtx.o
                0x0000000008000b10                Reset_Handler
 .text.Default_Handler
                0x0000000008000b60        0x2 Core/Startup/startup_stm32f407vgtx.o
                0x0000000008000b60                RTC_Alarm_IRQHandler
                0x0000000008000b60                HASH_RNG_IRQHandler
                0x0000000008000b60                EXTI2_IRQHandler
                0x0000000008000b60                TIM8_CC_IRQHandler
                0x0000000008000b60                TIM1_CC_IRQHandler
                0x0000000008000b60                DMA2_Stream5_IRQHandler
                0x0000000008000b60                DMA1_Stream5_IRQHandler
                0x0000000008000b60                PVD_IRQHandler
                0x0000000008000b60                SDIO_IRQHandler
                0x0000000008000b60                TAMP_STAMP_IRQHandler
                0x0000000008000b60                CAN2_RX1_IRQHandler
                0x0000000008000b60                EXTI3_IRQHandler
                0x0000000008000b60                TIM8_TRG_COM_TIM14_IRQHandler
                0x0000000008000b60                TIM8_UP_TIM13_IRQHandler
                0x0000000008000b60                I2C3_ER_IRQHandler
                0x0000000008000b60                EXTI0_IRQHandler
                0x0000000008000b60                I2C2_EV_IRQHandler
                0x0000000008000b60                DMA1_Stream2_IRQHandler
                0x0000000008000b60                CAN1_RX0_IRQHandler
                0x0000000008000b60                FPU_IRQHandler
                0x0000000008000b60                OTG_HS_WKUP_IRQHandler
                0x0000000008000b60                CAN2_SCE_IRQHandler
                0x0000000008000b60                DMA2_Stream2_IRQHandler
                0x0000000008000b60                SPI1_IRQHandler
                0x0000000008000b60                TIM6_DAC_IRQHandler
                0x0000000008000b60                TIM1_BRK_TIM9_IRQHandler
                0x0000000008000b60                DCMI_IRQHandler
                0x0000000008000b60                CAN2_RX0_IRQHandler
                0x0000000008000b60                DMA2_Stream3_IRQHandler
                0x0000000008000b60                USART6_IRQHandler
                0x0000000008000b60                USART3_IRQHandler
                0x0000000008000b60                CAN1_RX1_IRQHandler
                0x0000000008000b60                UART5_IRQHandler
                0x0000000008000b60                DMA2_Stream0_IRQHandler
                0x0000000008000b60                TIM4_IRQHandler
                0x0000000008000b60                I2C1_EV_IRQHandler
                0x0000000008000b60                DMA1_Stream6_IRQHandler
                0x0000000008000b60                DMA1_Stream1_IRQHandler
                0x0000000008000b60                UART4_IRQHandler
                0x0000000008000b60                TIM3_IRQHandler
                0x0000000008000b60                RCC_IRQHandler
                0x0000000008000b60                TIM8_BRK_TIM12_IRQHandler
                0x0000000008000b60                Default_Handler
                0x0000000008000b60                EXTI15_10_IRQHandler
                0x0000000008000b60                ADC_IRQHandler
                0x0000000008000b60                DMA1_Stream7_IRQHandler
                0x0000000008000b60                TIM7_IRQHandler
                0x0000000008000b60                CAN2_TX_IRQHandler
                0x0000000008000b60                TIM5_IRQHandler
                0x0000000008000b60                DMA2_Stream7_IRQHandler
                0x0000000008000b60                I2C3_EV_IRQHandler
                0x0000000008000b60                EXTI9_5_IRQHandler
                0x0000000008000b60                RTC_WKUP_IRQHandler
                0x0000000008000b60                ETH_WKUP_IRQHandler
                0x0000000008000b60                SPI2_IRQHandler
                0x0000000008000b60                OTG_HS_EP1_IN_IRQHandler
                0x0000000008000b60                DMA1_Stream0_IRQHandler
                0x0000000008000b60                CAN1_TX_IRQHandler
                0x0000000008000b60                EXTI4_IRQHandler
                0x0000000008000b60                FSMC_IRQHandler
                0x0000000008000b60                ETH_IRQHandler
                0x0000000008000b60                OTG_HS_EP1_OUT_IRQHandler
                0x0000000008000b60                WWDG_IRQHandler
                0x0000000008000b60                TIM2_IRQHandler
                0x0000000008000b60                OTG_FS_WKUP_IRQHandler
                0x0000000008000b60                TIM1_TRG_COM_TIM11_IRQHandler
                0x0000000008000b60                OTG_HS_IRQHandler
                0x0000000008000b60                EXTI1_IRQHandler
                0x0000000008000b60                USART2_IRQHandler
                0x0000000008000b60                I2C2_ER_IRQHandler
                0x0000000008000b60                DMA2_Stream1_IRQHandler
                0x0000000008000b60                CAN1_SCE_IRQHandler
                0x0000000008000b60                FLASH_IRQHandler
                0x0000000008000b60                DMA2_Stream4_IRQHandler
                0x0000000008000b60                USART1_IRQHandler
                0x0000000008000b60                OTG_FS_IRQHandler
                0x0000000008000b60                SPI3_IRQHandler
                0x0000000008000b60                DMA1_Stream4_IRQHandler
                0x0000000008000b60                I2C1_ER_IRQHandler
                0x0000000008000b60                DMA2_Stream6_IRQHandler
                0x0000000008000b60                DMA1_Stream3_IRQHandler
 *fill*         0x0000000008000b62        0x2 
 .text.HAL_Init
                0x0000000008000b64       0x44 Drivers/STM32F4xx_HAL_Driver/Src/stm32f4xx_hal.o
                0x0000000008000b64                HAL_Init
 .text.HAL_IncTick
                0x0000000008000ba8       0x28 Drivers/STM32F4xx_HAL_Driver/Src/stm32f4xx_hal.o
                0x0000000008000ba8                HAL_IncTick
 .text.HAL_GetTick
                0x0000000008000bd0       0x18 Drivers/STM32F4xx_HAL_Driver/Src/stm32f4xx_hal.o
                0x0000000008000bd0                HAL_GetTick
 .text.__NVIC_SetPriorityGrouping
                0x0000000008000be8       0x48 Drivers/STM32F4xx_HAL_Driver/Src/stm32f4xx_hal_cortex.o
 .text.__NVIC_GetPriorityGrouping
                0x0000000008000c30       0x1c Drivers/STM32F4xx_HAL_Driver/Src/stm32f4xx_hal_cortex.o
 .text.__NVIC_EnableIRQ
                0x0000000008000c4c       0x3c Drivers/STM32F4xx_HAL_Driver/Src/stm32f4xx_hal_cortex.o
 .text.__NVIC_SetPriority
                0x0000000008000c88       0x54 Drivers/STM32F4xx_HAL_Driver/Src/stm32f4xx_hal_cortex.o
 .text.NVIC_EncodePriority
                0x0000000008000cdc       0x66 Drivers/STM32F4xx_HAL_Driver/Src/stm32f4xx_hal_cortex.o
 .text.HAL_NVIC_SetPriorityGrouping
                0x0000000008000d42       0x16 Drivers/STM32F4xx_HAL_Driver/Src/stm32f4xx_hal_cortex.o
                0x0000000008000d42                HAL_NVIC_SetPriorityGrouping
 .text.HAL_NVIC_SetPriority
                0x0000000008000d58       0x38 Drivers/STM32F4xx_HAL_Driver/Src/stm32f4xx_hal_cortex.o
                0x0000000008000d58                HAL_NVIC_SetPriority
 .text.HAL_NVIC_EnableIRQ
                0x0000000008000d90       0x1c Drivers/STM32F4xx_HAL_Driver/Src/stm32f4xx_hal_cortex.o
                0x0000000008000d90                HAL_NVIC_EnableIRQ
 .text.HAL_GPIO_Init
                0x0000000008000dac      0x338 Drivers/STM32F4xx_HAL_Driver/Src/stm32f4xx_hal_gpio.o
                0x0000000008000dac                HAL_GPIO_Init
 .text.HAL_GPIO_ReadPin
                0x00000000080010e4       0x30 Drivers/STM32F4xx_HAL_Driver/Src/stm32f4xx_hal_gpio.o
                0x00000000080010e4                HAL_GPIO_ReadPin
 .text.HAL_RCC_OscConfig
                0x0000000008001114      0x4f0 Drivers/STM32F4xx_HAL_Driver/Src/stm32f4xx_hal_rcc.o
                0x0000000008001114                HAL_RCC_OscConfig
 .text.HAL_RCC_ClockConfig
                0x0000000008001604      0x1cc Drivers/STM32F4xx_HAL_Driver/Src/stm32f4xx_hal_rcc.o
                0x0000000008001604                HAL_RCC_ClockConfig
 .text.HAL_RCC_GetSysClockFreq
                0x00000000080017d0      0x1c4 Drivers/STM32F4xx_HAL_Driver/Src/stm32f4xx_hal_rcc.o
                0x00000000080017d0                HAL_RCC_GetSysClockFreq
 .text.HAL_RCC_GetHCLKFreq
                0x0000000008001994       0x18 Drivers/STM32F4xx_HAL_Driver/Src/stm32f4xx_hal_rcc.o
                0x0000000008001994                HAL_RCC_GetHCLKFreq
 .text.HAL_RCC_GetPCLK1Freq
                0x00000000080019ac       0x28 Drivers/STM32F4xx_HAL_Driver/Src/stm32f4xx_hal_rcc.o
                0x00000000080019ac                HAL_RCC_GetPCLK1Freq
 .text.HAL_RCC_GetPCLK2Freq
                0x00000000080019d4       0x28 Drivers/STM32F4xx_HAL_Driver/Src/stm32f4xx_hal_rcc.o
                0x00000000080019d4                HAL_RCC_GetPCLK2Freq
 .text.HAL_RCC_GetClockConfig
                0x00000000080019fc       0x64 Drivers/STM32F4xx_HAL_Driver/Src/stm32f4xx_hal_rcc.o
                0x00000000080019fc                HAL_RCC_GetClockConfig
 .text.HAL_TIM_Base_Init
                0x0000000008001a60       0x9e Drivers/STM32F4xx_HAL_Driver/Src/stm32f4xx_hal_tim.o
                0x0000000008001a60                HAL_TIM_Base_Init
 .text.HAL_TIM_Base_MspInit
                0x0000000008001afe       0x14 Drivers/STM32F4xx_HAL_Driver/Src/stm32f4xx_hal_tim.o
                0x0000000008001afe                HAL_TIM_Base_MspInit
 *fill*         0x0000000008001b12        0x2 
 .text.HAL_TIM_Base_Start_IT
                0x0000000008001b14       0xe0 Drivers/STM32F4xx_HAL_Driver/Src/stm32f4xx_hal_tim.o
                0x0000000008001b14                HAL_TIM_Base_Start_IT
 .text.HAL_TIM_IRQHandler
                0x0000000008001bf4      0x210 Drivers/STM32F4xx_HAL_Driver/Src/stm32f4xx_hal_tim.o
                0x0000000008001bf4                HAL_TIM_IRQHandler
 .text.HAL_TIM_OC_DelayElapsedCallback
                0x0000000008001e04       0x14 Drivers/STM32F4xx_HAL_Driver/Src/stm32f4xx_hal_tim.o
                0x0000000008001e04                HAL_TIM_OC_DelayElapsedCallback
 .text.HAL_TIM_IC_CaptureCallback
                0x0000000008001e18       0x14 Drivers/STM32F4xx_HAL_Driver/Src/stm32f4xx_hal_tim.o
                0x0000000008001e18                HAL_TIM_IC_CaptureCallback
 .text.HAL_TIM_PWM_PulseFinishedCallback
                0x0000000008001e2c       0x14 Drivers/STM32F4xx_HAL_Driver/Src/stm32f4xx_hal_tim.o
                0x0000000008001e2c                HAL_TIM_PWM_PulseFinishedCallback
 .text.HAL_TIM_TriggerCallback
                0x0000000008001e40       0x14 Drivers/STM32F4xx_HAL_Driver/Src/stm32f4xx_hal_tim.o
                0x0000000008001e40                HAL_TIM_TriggerCallback
 .text.TIM_Base_SetConfig
                0x0000000008001e54      0x140 Drivers/STM32F4xx_HAL_Driver/Src/stm32f4xx_hal_tim.o
                0x0000000008001e54                TIM_Base_SetConfig
 .text.HAL_TIMEx_CommutCallback
                0x0000000008001f94       0x14 Drivers/STM32F4xx_HAL_Driver/Src/stm32f4xx_hal_tim_ex.o
                0x0000000008001f94                HAL_TIMEx_CommutCallback
 .text.HAL_TIMEx_BreakCallback
                0x0000000008001fa8       0x14 Drivers/STM32F4xx_HAL_Driver/Src/stm32f4xx_hal_tim_ex.o
                0x0000000008001fa8                HAL_TIMEx_BreakCallback
 .text.HAL_UART_Init
                0x0000000008001fbc       0x9a Drivers/STM32F4xx_HAL_Driver/Src/stm32f4xx_hal_uart.o
                0x0000000008001fbc                HAL_UART_Init
 .text.HAL_UART_Transmit
                0x0000000008002056      0x124 Drivers/STM32F4xx_HAL_Driver/Src/stm32f4xx_hal_uart.o
                0x0000000008002056                HAL_UART_Transmit
 .text.UART_WaitOnFlagUntilTimeout
                0x000000000800217a       0x94 Drivers/STM32F4xx_HAL_Driver/Src/stm32f4xx_hal_uart.o
 *fill*         0x000000000800220e        0x2 
 .text.UART_SetConfig
                0x0000000008002210      0x390 Drivers/STM32F4xx_HAL_Driver/Src/stm32f4xx_hal_uart.o
 .text.makeFreeRtosPriority
                0x00000000080025a0       0x30 Middlewares/Third_Party/FreeRTOS/Source/CMSIS_RTOS/cmsis_os.o
 .text.inHandlerMode
                0x00000000080025d0       0x24 Middlewares/Third_Party/FreeRTOS/Source/CMSIS_RTOS/cmsis_os.o
 .text.osKernelStart
                0x00000000080025f4        0xe Middlewares/Third_Party/FreeRTOS/Source/CMSIS_RTOS/cmsis_os.o
                0x00000000080025f4                osKernelStart
 .text.osThreadCreate
                0x0000000008002602       0x98 Middlewares/Third_Party/FreeRTOS/Source/CMSIS_RTOS/cmsis_os.o
                0x0000000008002602                osThreadCreate
 .text.osDelay  0x000000000800269a       0x28 Middlewares/Third_Party/FreeRTOS/Source/CMSIS_RTOS/cmsis_os.o
                0x000000000800269a                osDelay
 .text.osSemaphoreCreate
                0x00000000080026c2       0x64 Middlewares/Third_Party/FreeRTOS/Source/CMSIS_RTOS/cmsis_os.o
                0x00000000080026c2                osSemaphoreCreate
 *fill*         0x0000000008002726        0x2 
 .text.osSemaphoreWait
                0x0000000008002728       0x9c Middlewares/Third_Party/FreeRTOS/Source/CMSIS_RTOS/cmsis_os.o
                0x0000000008002728                osSemaphoreWait
 .text.osSemaphoreRelease
                0x00000000080027c4       0x6c Middlewares/Third_Party/FreeRTOS/Source/CMSIS_RTOS/cmsis_os.o
                0x00000000080027c4                osSemaphoreRelease
 .text.vListInitialise
                0x0000000008002830       0x40 Middlewares/Third_Party/FreeRTOS/Source/list.o
                0x0000000008002830                vListInitialise
 .text.vListInitialiseItem
                0x0000000008002870       0x1a Middlewares/Third_Party/FreeRTOS/Source/list.o
                0x0000000008002870                vListInitialiseItem
 .text.vListInsertEnd
                0x000000000800288a       0x48 Middlewares/Third_Party/FreeRTOS/Source/list.o
                0x000000000800288a                vListInsertEnd
 .text.vListInsert
                0x00000000080028d2       0x72 Middlewares/Third_Party/FreeRTOS/Source/list.o
                0x00000000080028d2                vListInsert
 .text.uxListRemove
                0x0000000008002944       0x54 Middlewares/Third_Party/FreeRTOS/Source/list.o
                0x0000000008002944                uxListRemove
 .text.xQueueGenericReset
                0x0000000008002998       0xd0 Middlewares/Third_Party/FreeRTOS/Source/queue.o
                0x0000000008002998                xQueueGenericReset
 .text.xQueueGenericCreateStatic
                0x0000000008002a68       0xf0 Middlewares/Third_Party/FreeRTOS/Source/queue.o
                0x0000000008002a68                xQueueGenericCreateStatic
 .text.xQueueGenericCreate
                0x0000000008002b58       0x74 Middlewares/Third_Party/FreeRTOS/Source/queue.o
                0x0000000008002b58                xQueueGenericCreate
 .text.prvInitialiseNewQueue
                0x0000000008002bcc       0x3e Middlewares/Third_Party/FreeRTOS/Source/queue.o
 *fill*         0x0000000008002c0a        0x2 
 .text.xQueueGenericSend
                0x0000000008002c0c      0x1fc Middlewares/Third_Party/FreeRTOS/Source/queue.o
                0x0000000008002c0c                xQueueGenericSend
 .text.xQueueGiveFromISR
                0x0000000008002e08      0x11a Middlewares/Third_Party/FreeRTOS/Source/queue.o
                0x0000000008002e08                xQueueGiveFromISR
 *fill*         0x0000000008002f22        0x2 
 .text.xQueueSemaphoreTake
                0x0000000008002f24      0x218 Middlewares/Third_Party/FreeRTOS/Source/queue.o
                0x0000000008002f24                xQueueSemaphoreTake
 .text.xQueueReceiveFromISR
                0x000000000800313c      0x100 Middlewares/Third_Party/FreeRTOS/Source/queue.o
                0x000000000800313c                xQueueReceiveFromISR
 .text.prvGetDisinheritPriorityAfterTimeout
                0x000000000800323c       0x30 Middlewares/Third_Party/FreeRTOS/Source/queue.o
 .text.prvCopyDataToQueue
                0x000000000800326c       0xd4 Middlewares/Third_Party/FreeRTOS/Source/queue.o
 .text.prvCopyDataFromQueue
                0x0000000008003340       0x4c Middlewares/Third_Party/FreeRTOS/Source/queue.o
 .text.prvUnlockQueue
                0x000000000800338c       0xa4 Middlewares/Third_Party/FreeRTOS/Source/queue.o
 .text.prvIsQueueEmpty
                0x0000000008003430       0x2c Middlewares/Third_Party/FreeRTOS/Source/queue.o
 .text.prvIsQueueFull
                0x000000000800345c       0x30 Middlewares/Third_Party/FreeRTOS/Source/queue.o
 .text.xTaskCreateStatic
                0x000000000800348c       0xba Middlewares/Third_Party/FreeRTOS/Source/tasks.o
                0x000000000800348c                xTaskCreateStatic
 .text.xTaskCreate
                0x0000000008003546       0x8a Middlewares/Third_Party/FreeRTOS/Source/tasks.o
                0x0000000008003546                xTaskCreate
 .text.prvInitialiseNewTask
                0x00000000080035d0      0x10e Middlewares/Third_Party/FreeRTOS/Source/tasks.o
 *fill*         0x00000000080036de        0x2 
 .text.prvAddNewTaskToReadyList
                0x00000000080036e0       0xd4 Middlewares/Third_Party/FreeRTOS/Source/tasks.o
 .text.vTaskDelay
                0x00000000080037b4       0x68 Middlewares/Third_Party/FreeRTOS/Source/tasks.o
                0x00000000080037b4                vTaskDelay
 .text.vTaskStartScheduler
                0x000000000800381c       0xc0 Middlewares/Third_Party/FreeRTOS/Source/tasks.o
                0x000000000800381c                vTaskStartScheduler
 .text.vTaskSuspendAll
                0x00000000080038dc       0x1c Middlewares/Third_Party/FreeRTOS/Source/tasks.o
                0x00000000080038dc                vTaskSuspendAll
 .text.xTaskResumeAll
                0x00000000080038f8      0x138 Middlewares/Third_Party/FreeRTOS/Source/tasks.o
                0x00000000080038f8                xTaskResumeAll
 .text.xTaskIncrementTick
                0x0000000008003a30      0x170 Middlewares/Third_Party/FreeRTOS/Source/tasks.o
                0x0000000008003a30                xTaskIncrementTick
 .text.vTaskSwitchContext
                0x0000000008003ba0       0xb8 Middlewares/Third_Party/FreeRTOS/Source/tasks.o
                0x0000000008003ba0                vTaskSwitchContext
 .text.vTaskPlaceOnEventList
                0x0000000008003c58       0x48 Middlewares/Third_Party/FreeRTOS/Source/tasks.o
                0x0000000008003c58                vTaskPlaceOnEventList
 .text.xTaskRemoveFromEventList
                0x0000000008003ca0       0xc4 Middlewares/Third_Party/FreeRTOS/Source/tasks.o
                0x0000000008003ca0                xTaskRemoveFromEventList
 .text.vTaskInternalSetTimeOutState
                0x0000000008003d64       0x2c Middlewares/Third_Party/FreeRTOS/Source/tasks.o
                0x0000000008003d64                vTaskInternalSetTimeOutState
 .text.xTaskCheckForTimeOut
                0x0000000008003d90       0xc4 Middlewares/Third_Party/FreeRTOS/Source/tasks.o
                0x0000000008003d90                xTaskCheckForTimeOut
 .text.vTaskMissedYield
                0x0000000008003e54       0x18 Middlewares/Third_Party/FreeRTOS/Source/tasks.o
                0x0000000008003e54                vTaskMissedYield
 .text.prvIdleTask
                0x0000000008003e6c       0x30 Middlewares/Third_Party/FreeRTOS/Source/tasks.o
 .text.prvInitialiseTaskLists
                0x0000000008003e9c       0x80 Middlewares/Third_Party/FreeRTOS/Source/tasks.o
 .text.prvCheckTasksWaitingTermination
                0x0000000008003f1c       0x5c Middlewares/Third_Party/FreeRTOS/Source/tasks.o
 .text.prvDeleteTCB
                0x0000000008003f78       0x5e Middlewares/Third_Party/FreeRTOS/Source/tasks.o
 *fill*         0x0000000008003fd6        0x2 
 .text.prvResetNextTaskUnblockTime
                0x0000000008003fd8       0x40 Middlewares/Third_Party/FreeRTOS/Source/tasks.o
 .text.xTaskGetSchedulerState
                0x0000000008004018       0x3c Middlewares/Third_Party/FreeRTOS/Source/tasks.o
                0x0000000008004018                xTaskGetSchedulerState
 .text.xTaskPriorityInherit
                0x0000000008004054       0xec Middlewares/Third_Party/FreeRTOS/Source/tasks.o
                0x0000000008004054                xTaskPriorityInherit
 .text.xTaskPriorityDisinherit
                0x0000000008004140      0x10c Middlewares/Third_Party/FreeRTOS/Source/tasks.o
                0x0000000008004140                xTaskPriorityDisinherit
 .text.vTaskPriorityDisinheritAfterTimeout
                0x000000000800424c      0x11c Middlewares/Third_Party/FreeRTOS/Source/tasks.o
                0x000000000800424c                vTaskPriorityDisinheritAfterTimeout
 .text.pvTaskIncrementMutexHeldCount
                0x0000000008004368       0x28 Middlewares/Third_Party/FreeRTOS/Source/tasks.o
                0x0000000008004368                pvTaskIncrementMutexHeldCount
 .text.prvAddCurrentTaskToDelayedList
                0x0000000008004390       0xcc Middlewares/Third_Party/FreeRTOS/Source/tasks.o
 .text.pxPortInitialiseStack
                0x000000000800445c       0x68 Middlewares/Third_Party/FreeRTOS/Source/portable/GCC/ARM_CM4F/port.o
                0x000000000800445c                pxPortInitialiseStack
 .text.prvTaskExitError
                0x00000000080044c4       0x58 Middlewares/Third_Party/FreeRTOS/Source/portable/GCC/ARM_CM4F/port.o
 *fill*         0x000000000800451c        0x4 
 .text.SVC_Handler
                0x0000000008004520       0x28 Middlewares/Third_Party/FreeRTOS/Source/portable/GCC/ARM_CM4F/port.o
                0x0000000008004520                SVC_Handler
 .text.prvPortStartFirstTask
                0x0000000008004548       0x28 Middlewares/Third_Party/FreeRTOS/Source/portable/GCC/ARM_CM4F/port.o
 .text.xPortStartScheduler
                0x0000000008004570      0x144 Middlewares/Third_Party/FreeRTOS/Source/portable/GCC/ARM_CM4F/port.o
                0x0000000008004570                xPortStartScheduler
 .text.vPortEnterCritical
                0x00000000080046b4       0x60 Middlewares/Third_Party/FreeRTOS/Source/portable/GCC/ARM_CM4F/port.o
                0x00000000080046b4                vPortEnterCritical
 .text.vPortExitCritical
                0x0000000008004714       0x54 Middlewares/Third_Party/FreeRTOS/Source/portable/GCC/ARM_CM4F/port.o
                0x0000000008004714                vPortExitCritical
 *fill*         0x0000000008004768        0x8 
 .text.PendSV_Handler
                0x0000000008004770       0x68 Middlewares/Third_Party/FreeRTOS/Source/portable/GCC/ARM_CM4F/port.o
                0x0000000008004770                PendSV_Handler
 .text.SysTick_Handler
                0x00000000080047d8       0x44 Middlewares/Third_Party/FreeRTOS/Source/portable/GCC/ARM_CM4F/port.o
                0x00000000080047d8                SysTick_Handler
 .text.vPortSetupTimerInterrupt
                0x000000000800481c       0x48 Middlewares/Third_Party/FreeRTOS/Source/portable/GCC/ARM_CM4F/port.o
                0x000000000800481c                vPortSetupTimerInterrupt
 .text.vPortEnableVFP
                0x0000000008004864       0x14 Middlewares/Third_Party/FreeRTOS/Source/portable/GCC/ARM_CM4F/port.o
 .text.vPortValidateInterruptPriority
                0x0000000008004878       0x80 Middlewares/Third_Party/FreeRTOS/Source/portable/GCC/ARM_CM4F/port.o
                0x0000000008004878                vPortValidateInterruptPriority
 .text.pvPortMalloc
                0x00000000080048f8      0x198 Middlewares/Third_Party/FreeRTOS/Source/portable/MemMang/heap_4.o
                0x00000000080048f8                pvPortMalloc
 .text.vPortFree
                0x0000000008004a90       0xc4 Middlewares/Third_Party/FreeRTOS/Source/portable/MemMang/heap_4.o
                0x0000000008004a90                vPortFree
 .text.prvHeapInit
                0x0000000008004b54       0xc4 Middlewares/Third_Party/FreeRTOS/Source/portable/MemMang/heap_4.o
 .text.prvInsertBlockIntoFreeList
                0x0000000008004c18       0xb4 Middlewares/Third_Party/FreeRTOS/Source/portable/MemMang/heap_4.o
 .text.__libc_init_array
                0x0000000008004ccc       0x48 c:/st/stm32cubeide_1.5.1/stm32cubeide/plugins/com.st.stm32cube.ide.mcu.externaltools.gnu-tools-for-stm32.9-2020-q2-update.win32_1.5.0.202011040924/tools/bin/../lib/gcc/arm-none-eabi/9.3.1/../../../../arm-none-eabi/lib/thumb/v7e-m+fp/hard\libc_nano.a(lib_a-init.o)
                0x0000000008004ccc                __libc_init_array
 .text.memcpy   0x0000000008004d14       0x1c c:/st/stm32cubeide_1.5.1/stm32cubeide/plugins/com.st.stm32cube.ide.mcu.externaltools.gnu-tools-for-stm32.9-2020-q2-update.win32_1.5.0.202011040924/tools/bin/../lib/gcc/arm-none-eabi/9.3.1/../../../../arm-none-eabi/lib/thumb/v7e-m+fp/hard\libc_nano.a(lib_a-memcpy-stub.o)
                0x0000000008004d14                memcpy
 .text.memset   0x0000000008004d30       0x10 c:/st/stm32cubeide_1.5.1/stm32cubeide/plugins/com.st.stm32cube.ide.mcu.externaltools.gnu-tools-for-stm32.9-2020-q2-update.win32_1.5.0.202011040924/tools/bin/../lib/gcc/arm-none-eabi/9.3.1/../../../../arm-none-eabi/lib/thumb/v7e-m+fp/hard\libc_nano.a(lib_a-memset.o)
                0x0000000008004d30                memset
 *(.glue_7)
 .glue_7        0x0000000008004d40        0x0 linker stubs
 *(.glue_7t)
 .glue_7t       0x0000000008004d40        0x0 linker stubs
 *(.eh_frame)
 .eh_frame      0x0000000008004d40        0x0 c:/st/stm32cubeide_1.5.1/stm32cubeide/plugins/com.st.stm32cube.ide.mcu.externaltools.gnu-tools-for-stm32.9-2020-q2-update.win32_1.5.0.202011040924/tools/bin/../lib/gcc/arm-none-eabi/9.3.1/thumb/v7e-m+fp/hard/crtbegin.o
 *(.init)
 .init          0x0000000008004d40        0x4 c:/st/stm32cubeide_1.5.1/stm32cubeide/plugins/com.st.stm32cube.ide.mcu.externaltools.gnu-tools-for-stm32.9-2020-q2-update.win32_1.5.0.202011040924/tools/bin/../lib/gcc/arm-none-eabi/9.3.1/thumb/v7e-m+fp/hard/crti.o
                0x0000000008004d40                _init
 .init          0x0000000008004d44        0x8 c:/st/stm32cubeide_1.5.1/stm32cubeide/plugins/com.st.stm32cube.ide.mcu.externaltools.gnu-tools-for-stm32.9-2020-q2-update.win32_1.5.0.202011040924/tools/bin/../lib/gcc/arm-none-eabi/9.3.1/thumb/v7e-m+fp/hard/crtn.o
 *(.fini)
 .fini          0x0000000008004d4c        0x4 c:/st/stm32cubeide_1.5.1/stm32cubeide/plugins/com.st.stm32cube.ide.mcu.externaltools.gnu-tools-for-stm32.9-2020-q2-update.win32_1.5.0.202011040924/tools/bin/../lib/gcc/arm-none-eabi/9.3.1/thumb/v7e-m+fp/hard/crti.o
                0x0000000008004d4c                _fini
 .fini          0x0000000008004d50        0x8 c:/st/stm32cubeide_1.5.1/stm32cubeide/plugins/com.st.stm32cube.ide.mcu.externaltools.gnu-tools-for-stm32.9-2020-q2-update.win32_1.5.0.202011040924/tools/bin/../lib/gcc/arm-none-eabi/9.3.1/thumb/v7e-m+fp/hard/crtn.o
                0x0000000008004d58                . = ALIGN (0x4)
                0x0000000008004d58                _etext = .

.vfp11_veneer   0x0000000008004d58        0x0
 .vfp11_veneer  0x0000000008004d58        0x0 linker stubs

.v4_bx          0x0000000008004d58        0x0
 .v4_bx         0x0000000008004d58        0x0 linker stubs

.iplt           0x0000000008004d58        0x0
 .iplt          0x0000000008004d58        0x0 c:/st/stm32cubeide_1.5.1/stm32cubeide/plugins/com.st.stm32cube.ide.mcu.externaltools.gnu-tools-for-stm32.9-2020-q2-update.win32_1.5.0.202011040924/tools/bin/../lib/gcc/arm-none-eabi/9.3.1/thumb/v7e-m+fp/hard/crtbegin.o

.rodata         0x0000000008004d58      0x1bc
                0x0000000008004d58                . = ALIGN (0x4)
 *(.rodata)
 .rodata        0x0000000008004d58      0x19a Core/Src/main.o
 *fill*         0x0000000008004ef2        0x2 
 .rodata        0x0000000008004ef4        0x5 Middlewares/Third_Party/FreeRTOS/Source/tasks.o
 *(.rodata*)
 *fill*         0x0000000008004ef9        0x3 
 .rodata.AHBPrescTable
                0x0000000008004efc       0x10 Core/Src/system_stm32f4xx.o
                0x0000000008004efc                AHBPrescTable
 .rodata.APBPrescTable
                0x0000000008004f0c        0x8 Core/Src/system_stm32f4xx.o
                0x0000000008004f0c                APBPrescTable
                0x0000000008004f14                . = ALIGN (0x4)

.ARM.extab      0x0000000008004f14        0x0
                0x0000000008004f14                . = ALIGN (0x4)
 *(.ARM.extab* .gnu.linkonce.armextab.*)
                0x0000000008004f14                . = ALIGN (0x4)

.ARM            0x0000000008004f14        0x8
                0x0000000008004f14                . = ALIGN (0x4)
                0x0000000008004f14                __exidx_start = .
 *(.ARM.exidx*)
 .ARM.exidx     0x0000000008004f14        0x8 c:/st/stm32cubeide_1.5.1/stm32cubeide/plugins/com.st.stm32cube.ide.mcu.externaltools.gnu-tools-for-stm32.9-2020-q2-update.win32_1.5.0.202011040924/tools/bin/../lib/gcc/arm-none-eabi/9.3.1/thumb/v7e-m+fp/hard\libgcc.a(_udivmoddi4.o)
                0x0000000008004f1c                __exidx_end = .
                0x0000000008004f1c                . = ALIGN (0x4)

.rel.dyn        0x0000000008004f1c        0x0
 .rel.iplt      0x0000000008004f1c        0x0 c:/st/stm32cubeide_1.5.1/stm32cubeide/plugins/com.st.stm32cube.ide.mcu.externaltools.gnu-tools-for-stm32.9-2020-q2-update.win32_1.5.0.202011040924/tools/bin/../lib/gcc/arm-none-eabi/9.3.1/thumb/v7e-m+fp/hard/crtbegin.o

.preinit_array  0x0000000008004f1c        0x0
                0x0000000008004f1c                . = ALIGN (0x4)
                0x0000000008004f1c                PROVIDE (__preinit_array_start = .)
 *(.preinit_array*)
                0x0000000008004f1c                PROVIDE (__preinit_array_end = .)
                0x0000000008004f1c                . = ALIGN (0x4)

.init_array     0x0000000008004f1c        0x4
                0x0000000008004f1c                . = ALIGN (0x4)
                0x0000000008004f1c                PROVIDE (__init_array_start = .)
 *(SORT_BY_NAME(.init_array.*))
 *(.init_array*)
 .init_array    0x0000000008004f1c        0x4 c:/st/stm32cubeide_1.5.1/stm32cubeide/plugins/com.st.stm32cube.ide.mcu.externaltools.gnu-tools-for-stm32.9-2020-q2-update.win32_1.5.0.202011040924/tools/bin/../lib/gcc/arm-none-eabi/9.3.1/thumb/v7e-m+fp/hard/crtbegin.o
                0x0000000008004f20                PROVIDE (__init_array_end = .)
                0x0000000008004f20                . = ALIGN (0x4)

.fini_array     0x0000000008004f20        0x4
                0x0000000008004f20                . = ALIGN (0x4)
                [!provide]                        PROVIDE (__fini_array_start = .)
 *(SORT_BY_NAME(.fini_array.*))
 *(.fini_array*)
 .fini_array    0x0000000008004f20        0x4 c:/st/stm32cubeide_1.5.1/stm32cubeide/plugins/com.st.stm32cube.ide.mcu.externaltools.gnu-tools-for-stm32.9-2020-q2-update.win32_1.5.0.202011040924/tools/bin/../lib/gcc/arm-none-eabi/9.3.1/thumb/v7e-m+fp/hard/crtbegin.o
                [!provide]                        PROVIDE (__fini_array_end = .)
                0x0000000008004f24                . = ALIGN (0x4)
                0x0000000008004f24                _sidata = LOADADDR (.data)

.data           0x0000000020000000       0x10 load address 0x0000000008004f24
                0x0000000020000000                . = ALIGN (0x4)
                0x0000000020000000                _sdata = .
 *(.data)
 *(.data*)
 .data.SystemCoreClock
                0x0000000020000000        0x4 Core/Src/system_stm32f4xx.o
                0x0000000020000000                SystemCoreClock
 .data.uwTickPrio
                0x0000000020000004        0x4 Drivers/STM32F4xx_HAL_Driver/Src/stm32f4xx_hal.o
                0x0000000020000004                uwTickPrio
 .data.uwTickFreq
                0x0000000020000008        0x1 Drivers/STM32F4xx_HAL_Driver/Src/stm32f4xx_hal.o
                0x0000000020000008                uwTickFreq
 *fill*         0x0000000020000009        0x3 
 .data.uxCriticalNesting
                0x000000002000000c        0x4 Middlewares/Third_Party/FreeRTOS/Source/portable/GCC/ARM_CM4F/port.o
 *(.RamFunc)
 *(.RamFunc*)
                0x0000000020000010                . = ALIGN (0x4)
                0x0000000020000010                _edata = .

.igot.plt       0x0000000020000010        0x0 load address 0x0000000008004f34
 .igot.plt      0x0000000020000010        0x0 c:/st/stm32cubeide_1.5.1/stm32cubeide/plugins/com.st.stm32cube.ide.mcu.externaltools.gnu-tools-for-stm32.9-2020-q2-update.win32_1.5.0.202011040924/tools/bin/../lib/gcc/arm-none-eabi/9.3.1/thumb/v7e-m+fp/hard/crtbegin.o
                0x0000000020000010                . = ALIGN (0x4)

.bss            0x0000000020000010     0x4064 load address 0x0000000008004f34
                0x0000000020000010                _sbss = .
                0x0000000020000010                __bss_start__ = _sbss
 *(.bss)
 .bss           0x0000000020000010       0x1c c:/st/stm32cubeide_1.5.1/stm32cubeide/plugins/com.st.stm32cube.ide.mcu.externaltools.gnu-tools-for-stm32.9-2020-q2-update.win32_1.5.0.202011040924/tools/bin/../lib/gcc/arm-none-eabi/9.3.1/thumb/v7e-m+fp/hard/crtbegin.o
 *(.bss*)
 .bss.xIdleTaskTCBBuffer
                0x000000002000002c       0x54 Core/Src/freertos.o
 .bss.xIdleStack
                0x0000000020000080      0x200 Core/Src/freertos.o
 .bss.pxCurrentTCB
                0x0000000020000280        0x4 Middlewares/Third_Party/FreeRTOS/Source/tasks.o
                0x0000000020000280                pxCurrentTCB
 .bss.pxReadyTasksLists
                0x0000000020000284       0x8c Middlewares/Third_Party/FreeRTOS/Source/tasks.o
 .bss.xDelayedTaskList1
                0x0000000020000310       0x14 Middlewares/Third_Party/FreeRTOS/Source/tasks.o
 .bss.xDelayedTaskList2
                0x0000000020000324       0x14 Middlewares/Third_Party/FreeRTOS/Source/tasks.o
 .bss.pxDelayedTaskList
                0x0000000020000338        0x4 Middlewares/Third_Party/FreeRTOS/Source/tasks.o
 .bss.pxOverflowDelayedTaskList
                0x000000002000033c        0x4 Middlewares/Third_Party/FreeRTOS/Source/tasks.o
 .bss.xPendingReadyList
                0x0000000020000340       0x14 Middlewares/Third_Party/FreeRTOS/Source/tasks.o
 .bss.xTasksWaitingTermination
                0x0000000020000354       0x14 Middlewares/Third_Party/FreeRTOS/Source/tasks.o
 .bss.uxDeletedTasksWaitingCleanUp
                0x0000000020000368        0x4 Middlewares/Third_Party/FreeRTOS/Source/tasks.o
 .bss.xSuspendedTaskList
                0x000000002000036c       0x14 Middlewares/Third_Party/FreeRTOS/Source/tasks.o
 .bss.uxCurrentNumberOfTasks
                0x0000000020000380        0x4 Middlewares/Third_Party/FreeRTOS/Source/tasks.o
 .bss.xTickCount
                0x0000000020000384        0x4 Middlewares/Third_Party/FreeRTOS/Source/tasks.o
 .bss.uxTopReadyPriority
                0x0000000020000388        0x4 Middlewares/Third_Party/FreeRTOS/Source/tasks.o
 .bss.xSchedulerRunning
                0x000000002000038c        0x4 Middlewares/Third_Party/FreeRTOS/Source/tasks.o
 .bss.xPendedTicks
                0x0000000020000390        0x4 Middlewares/Third_Party/FreeRTOS/Source/tasks.o
 .bss.xYieldPending
                0x0000000020000394        0x4 Middlewares/Third_Party/FreeRTOS/Source/tasks.o
 .bss.xNumOfOverflows
                0x0000000020000398        0x4 Middlewares/Third_Party/FreeRTOS/Source/tasks.o
 .bss.uxTaskNumber
                0x000000002000039c        0x4 Middlewares/Third_Party/FreeRTOS/Source/tasks.o
 .bss.xNextTaskUnblockTime
                0x00000000200003a0        0x4 Middlewares/Third_Party/FreeRTOS/Source/tasks.o
 .bss.xIdleTaskHandle
                0x00000000200003a4        0x4 Middlewares/Third_Party/FreeRTOS/Source/tasks.o
 .bss.uxSchedulerSuspended
                0x00000000200003a8        0x4 Middlewares/Third_Party/FreeRTOS/Source/tasks.o
 .bss.ucMaxSysCallPriority
                0x00000000200003ac        0x1 Middlewares/Third_Party/FreeRTOS/Source/portable/GCC/ARM_CM4F/port.o
 *fill*         0x00000000200003ad        0x3 
 .bss.ulMaxPRIGROUPValue
                0x00000000200003b0        0x4 Middlewares/Third_Party/FreeRTOS/Source/portable/GCC/ARM_CM4F/port.o
 .bss.ucHeap    0x00000000200003b4     0x3c00 Middlewares/Third_Party/FreeRTOS/Source/portable/MemMang/heap_4.o
 .bss.xStart    0x0000000020003fb4        0x8 Middlewares/Third_Party/FreeRTOS/Source/portable/MemMang/heap_4.o
 .bss.pxEnd     0x0000000020003fbc        0x4 Middlewares/Third_Party/FreeRTOS/Source/portable/MemMang/heap_4.o
 .bss.xFreeBytesRemaining
                0x0000000020003fc0        0x4 Middlewares/Third_Party/FreeRTOS/Source/portable/MemMang/heap_4.o
 .bss.xMinimumEverFreeBytesRemaining
                0x0000000020003fc4        0x4 Middlewares/Third_Party/FreeRTOS/Source/portable/MemMang/heap_4.o
 .bss.xNumberOfSuccessfulAllocations
                0x0000000020003fc8        0x4 Middlewares/Third_Party/FreeRTOS/Source/portable/MemMang/heap_4.o
 .bss.xNumberOfSuccessfulFrees
                0x0000000020003fcc        0x4 Middlewares/Third_Party/FreeRTOS/Source/portable/MemMang/heap_4.o
 .bss.xBlockAllocatedBit
                0x0000000020003fd0        0x4 Middlewares/Third_Party/FreeRTOS/Source/portable/MemMang/heap_4.o
 *(COMMON)
 COMMON         0x0000000020003fd4       0x54 Core/Src/main.o
                0x0000000020003fd4                HighTaskHandle
                0x0000000020003fd8                LowTaskHandle
                0x0000000020003fdc                NormalTaskHandle
                0x0000000020003fe0                huart2
                0x0000000020004024                BinSemHandle
 COMMON         0x0000000020004028       0x48 Core/Src/stm32f4xx_hal_timebase_tim.o
                0x0000000020004028                htim1
 COMMON         0x0000000020004070        0x4 Drivers/STM32F4xx_HAL_Driver/Src/stm32f4xx_hal.o
                0x0000000020004070                uwTick
                0x0000000020004074                . = ALIGN (0x4)
                0x0000000020004074                _ebss = .
                0x0000000020004074                __bss_end__ = _ebss

._user_heap_stack
                0x0000000020004074      0x604 load address 0x0000000008004f34
                0x0000000020004078                . = ALIGN (0x8)
 *fill*         0x0000000020004074        0x4 
                [!provide]                        PROVIDE (end = .)
                0x0000000020004078                PROVIDE (_end = .)
                0x0000000020004278                . = (. + _Min_Heap_Size)
 *fill*         0x0000000020004078      0x200 
                0x0000000020004678                . = (. + _Min_Stack_Size)
 *fill*         0x0000000020004278      0x400 
                0x0000000020004678                . = ALIGN (0x8)

/DISCARD/
 libc.a(*)
 libm.a(*)
 libgcc.a(*)

.ARM.attributes
                0x0000000000000000       0x30
 *(.ARM.attributes)
 .ARM.attributes
                0x0000000000000000       0x1e c:/st/stm32cubeide_1.5.1/stm32cubeide/plugins/com.st.stm32cube.ide.mcu.externaltools.gnu-tools-for-stm32.9-2020-q2-update.win32_1.5.0.202011040924/tools/bin/../lib/gcc/arm-none-eabi/9.3.1/thumb/v7e-m+fp/hard/crti.o
 .ARM.attributes
                0x000000000000001e       0x34 c:/st/stm32cubeide_1.5.1/stm32cubeide/plugins/com.st.stm32cube.ide.mcu.externaltools.gnu-tools-for-stm32.9-2020-q2-update.win32_1.5.0.202011040924/tools/bin/../lib/gcc/arm-none-eabi/9.3.1/thumb/v7e-m+fp/hard/crtbegin.o
 .ARM.attributes
                0x0000000000000052       0x34 Core/Src/freertos.o
 .ARM.attributes
                0x0000000000000086       0x34 Core/Src/main.o
 .ARM.attributes
                0x00000000000000ba       0x34 Core/Src/stm32f4xx_hal_msp.o
 .ARM.attributes
                0x00000000000000ee       0x34 Core/Src/stm32f4xx_hal_timebase_tim.o
 .ARM.attributes
                0x0000000000000122       0x34 Core/Src/stm32f4xx_it.o
 .ARM.attributes
                0x0000000000000156       0x34 Core/Src/system_stm32f4xx.o
 .ARM.attributes
                0x000000000000018a       0x21 Core/Startup/startup_stm32f407vgtx.o
 .ARM.attributes
                0x00000000000001ab       0x34 Drivers/STM32F4xx_HAL_Driver/Src/stm32f4xx_hal.o
 .ARM.attributes
                0x00000000000001df       0x34 Drivers/STM32F4xx_HAL_Driver/Src/stm32f4xx_hal_cortex.o
 .ARM.attributes
                0x0000000000000213       0x34 Drivers/STM32F4xx_HAL_Driver/Src/stm32f4xx_hal_gpio.o
 .ARM.attributes
                0x0000000000000247       0x34 Drivers/STM32F4xx_HAL_Driver/Src/stm32f4xx_hal_rcc.o
 .ARM.attributes
                0x000000000000027b       0x34 Drivers/STM32F4xx_HAL_Driver/Src/stm32f4xx_hal_tim.o
 .ARM.attributes
                0x00000000000002af       0x34 Drivers/STM32F4xx_HAL_Driver/Src/stm32f4xx_hal_tim_ex.o
 .ARM.attributes
                0x00000000000002e3       0x34 Drivers/STM32F4xx_HAL_Driver/Src/stm32f4xx_hal_uart.o
 .ARM.attributes
                0x0000000000000317       0x34 Middlewares/Third_Party/FreeRTOS/Source/CMSIS_RTOS/cmsis_os.o
 .ARM.attributes
                0x000000000000034b       0x34 Middlewares/Third_Party/FreeRTOS/Source/list.o
 .ARM.attributes
                0x000000000000037f       0x34 Middlewares/Third_Party/FreeRTOS/Source/queue.o
 .ARM.attributes
                0x00000000000003b3       0x34 Middlewares/Third_Party/FreeRTOS/Source/tasks.o
 .ARM.attributes
                0x00000000000003e7       0x34 Middlewares/Third_Party/FreeRTOS/Source/portable/GCC/ARM_CM4F/port.o
 .ARM.attributes
                0x000000000000041b       0x34 Middlewares/Third_Party/FreeRTOS/Source/portable/MemMang/heap_4.o
 .ARM.attributes
                0x000000000000044f       0x34 c:/st/stm32cubeide_1.5.1/stm32cubeide/plugins/com.st.stm32cube.ide.mcu.externaltools.gnu-tools-for-stm32.9-2020-q2-update.win32_1.5.0.202011040924/tools/bin/../lib/gcc/arm-none-eabi/9.3.1/../../../../arm-none-eabi/lib/thumb/v7e-m+fp/hard\libc_nano.a(lib_a-init.o)
 .ARM.attributes
                0x0000000000000483       0x34 c:/st/stm32cubeide_1.5.1/stm32cubeide/plugins/com.st.stm32cube.ide.mcu.externaltools.gnu-tools-for-stm32.9-2020-q2-update.win32_1.5.0.202011040924/tools/bin/../lib/gcc/arm-none-eabi/9.3.1/../../../../arm-none-eabi/lib/thumb/v7e-m+fp/hard\libc_nano.a(lib_a-memcpy-stub.o)
 .ARM.attributes
                0x00000000000004b7       0x34 c:/st/stm32cubeide_1.5.1/stm32cubeide/plugins/com.st.stm32cube.ide.mcu.externaltools.gnu-tools-for-stm32.9-2020-q2-update.win32_1.5.0.202011040924/tools/bin/../lib/gcc/arm-none-eabi/9.3.1/../../../../arm-none-eabi/lib/thumb/v7e-m+fp/hard\libc_nano.a(lib_a-memset.o)
 .ARM.attributes
                0x00000000000004eb       0x17 c:/st/stm32cubeide_1.5.1/stm32cubeide/plugins/com.st.stm32cube.ide.mcu.externaltools.gnu-tools-for-stm32.9-2020-q2-update.win32_1.5.0.202011040924/tools/bin/../lib/gcc/arm-none-eabi/9.3.1/../../../../arm-none-eabi/lib/thumb/v7e-m+fp/hard\libc_nano.a(lib_a-strlen.o)
 .ARM.attributes
                0x0000000000000502       0x1e c:/st/stm32cubeide_1.5.1/stm32cubeide/plugins/com.st.stm32cube.ide.mcu.externaltools.gnu-tools-for-stm32.9-2020-q2-update.win32_1.5.0.202011040924/tools/bin/../lib/gcc/arm-none-eabi/9.3.1/thumb/v7e-m+fp/hard\libgcc.a(_aeabi_uldivmod.o)
 .ARM.attributes
                0x0000000000000520       0x34 c:/st/stm32cubeide_1.5.1/stm32cubeide/plugins/com.st.stm32cube.ide.mcu.externaltools.gnu-tools-for-stm32.9-2020-q2-update.win32_1.5.0.202011040924/tools/bin/../lib/gcc/arm-none-eabi/9.3.1/thumb/v7e-m+fp/hard\libgcc.a(_udivmoddi4.o)
 .ARM.attributes
                0x0000000000000554       0x1e c:/st/stm32cubeide_1.5.1/stm32cubeide/plugins/com.st.stm32cube.ide.mcu.externaltools.gnu-tools-for-stm32.9-2020-q2-update.win32_1.5.0.202011040924/tools/bin/../lib/gcc/arm-none-eabi/9.3.1/thumb/v7e-m+fp/hard\libgcc.a(_dvmd_tls.o)
 .ARM.attributes
                0x0000000000000572       0x1e c:/st/stm32cubeide_1.5.1/stm32cubeide/plugins/com.st.stm32cube.ide.mcu.externaltools.gnu-tools-for-stm32.9-2020-q2-update.win32_1.5.0.202011040924/tools/bin/../lib/gcc/arm-none-eabi/9.3.1/thumb/v7e-m+fp/hard/crtn.o
OUTPUT(RTOS_3.elf elf32-littlearm)
LOAD linker stubs
LOAD c:/st/stm32cubeide_1.5.1/stm32cubeide/plugins/com.st.stm32cube.ide.mcu.externaltools.gnu-tools-for-stm32.9-2020-q2-update.win32_1.5.0.202011040924/tools/bin/../lib/gcc/arm-none-eabi/9.3.1/../../../../arm-none-eabi/lib/thumb/v7e-m+fp/hard\libc.a
LOAD c:/st/stm32cubeide_1.5.1/stm32cubeide/plugins/com.st.stm32cube.ide.mcu.externaltools.gnu-tools-for-stm32.9-2020-q2-update.win32_1.5.0.202011040924/tools/bin/../lib/gcc/arm-none-eabi/9.3.1/../../../../arm-none-eabi/lib/thumb/v7e-m+fp/hard\libm.a
LOAD c:/st/stm32cubeide_1.5.1/stm32cubeide/plugins/com.st.stm32cube.ide.mcu.externaltools.gnu-tools-for-stm32.9-2020-q2-update.win32_1.5.0.202011040924/tools/bin/../lib/gcc/arm-none-eabi/9.3.1/thumb/v7e-m+fp/hard\libgcc.a

.debug_info     0x0000000000000000    0x1432a
 .debug_info    0x0000000000000000      0x36d Core/Src/freertos.o
 .debug_info    0x000000000000036d     0x1585 Core/Src/main.o
 .debug_info    0x00000000000018f2      0xc1f Core/Src/stm32f4xx_hal_msp.o
 .debug_info    0x0000000000002511      0xc6c Core/Src/stm32f4xx_hal_timebase_tim.o
 .debug_info    0x000000000000317d      0x7cb Core/Src/stm32f4xx_it.o
 .debug_info    0x0000000000003948      0x5a4 Core/Src/system_stm32f4xx.o
 .debug_info    0x0000000000003eec       0x22 Core/Startup/startup_stm32f407vgtx.o
 .debug_info    0x0000000000003f0e      0x9b2 Drivers/STM32F4xx_HAL_Driver/Src/stm32f4xx_hal.o
 .debug_info    0x00000000000048c0      0xed7 Drivers/STM32F4xx_HAL_Driver/Src/stm32f4xx_hal_cortex.o
 .debug_info    0x0000000000005797      0x83e Drivers/STM32F4xx_HAL_Driver/Src/stm32f4xx_hal_gpio.o
 .debug_info    0x0000000000005fd5      0x996 Drivers/STM32F4xx_HAL_Driver/Src/stm32f4xx_hal_rcc.o
 .debug_info    0x000000000000696b     0x2a90 Drivers/STM32F4xx_HAL_Driver/Src/stm32f4xx_hal_tim.o
 .debug_info    0x00000000000093fb     0x1522 Drivers/STM32F4xx_HAL_Driver/Src/stm32f4xx_hal_tim_ex.o
 .debug_info    0x000000000000a91d     0x1665 Drivers/STM32F4xx_HAL_Driver/Src/stm32f4xx_hal_uart.o
 .debug_info    0x000000000000bf82     0x203a Middlewares/Third_Party/FreeRTOS/Source/CMSIS_RTOS/cmsis_os.o
 .debug_info    0x000000000000dfbc      0xb82 Middlewares/Third_Party/FreeRTOS/Source/list.o
 .debug_info    0x000000000000eb3e     0x1ffc Middlewares/Third_Party/FreeRTOS/Source/queue.o
 .debug_info    0x0000000000010b3a     0x2575 Middlewares/Third_Party/FreeRTOS/Source/tasks.o
 .debug_info    0x00000000000130af      0x4f1 Middlewares/Third_Party/FreeRTOS/Source/portable/GCC/ARM_CM4F/port.o
 .debug_info    0x00000000000135a0      0xd8a Middlewares/Third_Party/FreeRTOS/Source/portable/MemMang/heap_4.o

.debug_abbrev   0x0000000000000000     0x2cc7
 .debug_abbrev  0x0000000000000000      0x11d Core/Src/freertos.o
 .debug_abbrev  0x000000000000011d      0x2ce Core/Src/main.o
 .debug_abbrev  0x00000000000003eb      0x1b5 Core/Src/stm32f4xx_hal_msp.o
 .debug_abbrev  0x00000000000005a0      0x1bf Core/Src/stm32f4xx_hal_timebase_tim.o
 .debug_abbrev  0x000000000000075f      0x176 Core/Src/stm32f4xx_it.o
 .debug_abbrev  0x00000000000008d5      0x145 Core/Src/system_stm32f4xx.o
 .debug_abbrev  0x0000000000000a1a       0x12 Core/Startup/startup_stm32f407vgtx.o
 .debug_abbrev  0x0000000000000a2c      0x1ed Drivers/STM32F4xx_HAL_Driver/Src/stm32f4xx_hal.o
 .debug_abbrev  0x0000000000000c19      0x33c Drivers/STM32F4xx_HAL_Driver/Src/stm32f4xx_hal_cortex.o
 .debug_abbrev  0x0000000000000f55      0x1f1 Drivers/STM32F4xx_HAL_Driver/Src/stm32f4xx_hal_gpio.o
 .debug_abbrev  0x0000000000001146      0x275 Drivers/STM32F4xx_HAL_Driver/Src/stm32f4xx_hal_rcc.o
 .debug_abbrev  0x00000000000013bb      0x25e Drivers/STM32F4xx_HAL_Driver/Src/stm32f4xx_hal_tim.o
 .debug_abbrev  0x0000000000001619      0x266 Drivers/STM32F4xx_HAL_Driver/Src/stm32f4xx_hal_tim_ex.o
 .debug_abbrev  0x000000000000187f      0x28b Drivers/STM32F4xx_HAL_Driver/Src/stm32f4xx_hal_uart.o
 .debug_abbrev  0x0000000000001b0a      0x3c2 Middlewares/Third_Party/FreeRTOS/Source/CMSIS_RTOS/cmsis_os.o
 .debug_abbrev  0x0000000000001ecc      0x1f7 Middlewares/Third_Party/FreeRTOS/Source/list.o
 .debug_abbrev  0x00000000000020c3      0x380 Middlewares/Third_Party/FreeRTOS/Source/queue.o
 .debug_abbrev  0x0000000000002443      0x380 Middlewares/Third_Party/FreeRTOS/Source/tasks.o
 .debug_abbrev  0x00000000000027c3      0x231 Middlewares/Third_Party/FreeRTOS/Source/portable/GCC/ARM_CM4F/port.o
 .debug_abbrev  0x00000000000029f4      0x2d3 Middlewares/Third_Party/FreeRTOS/Source/portable/MemMang/heap_4.o

.debug_aranges  0x0000000000000000     0x1150
 .debug_aranges
                0x0000000000000000       0x20 Core/Src/freertos.o
 .debug_aranges
                0x0000000000000020       0x60 Core/Src/main.o
 .debug_aranges
                0x0000000000000080       0x30 Core/Src/stm32f4xx_hal_msp.o
 .debug_aranges
                0x00000000000000b0       0x30 Core/Src/stm32f4xx_hal_timebase_tim.o
 .debug_aranges
                0x00000000000000e0       0x50 Core/Src/stm32f4xx_it.o
 .debug_aranges
                0x0000000000000130       0x28 Core/Src/system_stm32f4xx.o
 .debug_aranges
                0x0000000000000158       0x28 Core/Startup/startup_stm32f407vgtx.o
 .debug_aranges
                0x0000000000000180       0xf0 Drivers/STM32F4xx_HAL_Driver/Src/stm32f4xx_hal.o
 .debug_aranges
                0x0000000000000270      0x118 Drivers/STM32F4xx_HAL_Driver/Src/stm32f4xx_hal_cortex.o
 .debug_aranges
                0x0000000000000388       0x58 Drivers/STM32F4xx_HAL_Driver/Src/stm32f4xx_hal_gpio.o
 .debug_aranges
                0x00000000000003e0       0x88 Drivers/STM32F4xx_HAL_Driver/Src/stm32f4xx_hal_rcc.o
 .debug_aranges
                0x0000000000000468      0x3d0 Drivers/STM32F4xx_HAL_Driver/Src/stm32f4xx_hal_tim.o
 .debug_aranges
                0x0000000000000838      0x168 Drivers/STM32F4xx_HAL_Driver/Src/stm32f4xx_hal_tim_ex.o
 .debug_aranges
                0x00000000000009a0      0x200 Drivers/STM32F4xx_HAL_Driver/Src/stm32f4xx_hal_uart.o
 .debug_aranges
                0x0000000000000ba0      0x1d8 Middlewares/Third_Party/FreeRTOS/Source/CMSIS_RTOS/cmsis_os.o
 .debug_aranges
                0x0000000000000d78       0x40 Middlewares/Third_Party/FreeRTOS/Source/list.o
 .debug_aranges
                0x0000000000000db8      0x108 Middlewares/Third_Party/FreeRTOS/Source/queue.o
 .debug_aranges
                0x0000000000000ec0      0x1b8 Middlewares/Third_Party/FreeRTOS/Source/tasks.o
 .debug_aranges
                0x0000000000001078       0x80 Middlewares/Third_Party/FreeRTOS/Source/portable/GCC/ARM_CM4F/port.o
 .debug_aranges
                0x00000000000010f8       0x58 Middlewares/Third_Party/FreeRTOS/Source/portable/MemMang/heap_4.o

.debug_ranges   0x0000000000000000     0x1048
 .debug_ranges  0x0000000000000000       0x10 Core/Src/freertos.o
 .debug_ranges  0x0000000000000010       0x50 Core/Src/main.o
 .debug_ranges  0x0000000000000060       0x20 Core/Src/stm32f4xx_hal_msp.o
 .debug_ranges  0x0000000000000080       0x20 Core/Src/stm32f4xx_hal_timebase_tim.o
 .debug_ranges  0x00000000000000a0       0x40 Core/Src/stm32f4xx_it.o
 .debug_ranges  0x00000000000000e0       0x18 Core/Src/system_stm32f4xx.o
 .debug_ranges  0x00000000000000f8       0x20 Core/Startup/startup_stm32f407vgtx.o
 .debug_ranges  0x0000000000000118       0xe0 Drivers/STM32F4xx_HAL_Driver/Src/stm32f4xx_hal.o
 .debug_ranges  0x00000000000001f8      0x108 Drivers/STM32F4xx_HAL_Driver/Src/stm32f4xx_hal_cortex.o
 .debug_ranges  0x0000000000000300       0x48 Drivers/STM32F4xx_HAL_Driver/Src/stm32f4xx_hal_gpio.o
 .debug_ranges  0x0000000000000348       0x78 Drivers/STM32F4xx_HAL_Driver/Src/stm32f4xx_hal_rcc.o
 .debug_ranges  0x00000000000003c0      0x3c0 Drivers/STM32F4xx_HAL_Driver/Src/stm32f4xx_hal_tim.o
 .debug_ranges  0x0000000000000780      0x158 Drivers/STM32F4xx_HAL_Driver/Src/stm32f4xx_hal_tim_ex.o
 .debug_ranges  0x00000000000008d8      0x220 Drivers/STM32F4xx_HAL_Driver/Src/stm32f4xx_hal_uart.o
 .debug_ranges  0x0000000000000af8      0x1c8 Middlewares/Third_Party/FreeRTOS/Source/CMSIS_RTOS/cmsis_os.o
 .debug_ranges  0x0000000000000cc0       0x30 Middlewares/Third_Party/FreeRTOS/Source/list.o
 .debug_ranges  0x0000000000000cf0       0xf8 Middlewares/Third_Party/FreeRTOS/Source/queue.o
 .debug_ranges  0x0000000000000de8      0x1a8 Middlewares/Third_Party/FreeRTOS/Source/tasks.o
 .debug_ranges  0x0000000000000f90       0x70 Middlewares/Third_Party/FreeRTOS/Source/portable/GCC/ARM_CM4F/port.o
 .debug_ranges  0x0000000000001000       0x48 Middlewares/Third_Party/FreeRTOS/Source/portable/MemMang/heap_4.o

.debug_macro    0x0000000000000000    0x21de4
 .debug_macro   0x0000000000000000      0x240 Core/Src/freertos.o
 .debug_macro   0x0000000000000240      0xaa8 Core/Src/freertos.o
 .debug_macro   0x0000000000000ce8      0x174 Core/Src/freertos.o
 .debug_macro   0x0000000000000e5c       0x22 Core/Src/freertos.o
 .debug_macro   0x0000000000000e7e       0x8e Core/Src/freertos.o
 .debug_macro   0x0000000000000f0c       0x51 Core/Src/freertos.o
 .debug_macro   0x0000000000000f5d      0x103 Core/Src/freertos.o
 .debug_macro   0x0000000000001060       0x6a Core/Src/freertos.o
 .debug_macro   0x00000000000010ca      0x1df Core/Src/freertos.o
 .debug_macro   0x00000000000012a9       0xea Core/Src/freertos.o
 .debug_macro   0x0000000000001393      0x15a Core/Src/freertos.o
 .debug_macro   0x00000000000014ed       0xde Core/Src/freertos.o
 .debug_macro   0x00000000000015cb       0x1c Core/Src/freertos.o
 .debug_macro   0x00000000000015e7       0x26 Core/Src/freertos.o
 .debug_macro   0x000000000000160d      0x504 Core/Src/freertos.o
 .debug_macro   0x0000000000001b11       0xb5 Core/Src/freertos.o
 .debug_macro   0x0000000000001bc6       0xaa Core/Src/freertos.o
 .debug_macro   0x0000000000001c70      0x29b Core/Src/freertos.o
 .debug_macro   0x0000000000001f0b       0x2e Core/Src/freertos.o
 .debug_macro   0x0000000000001f39       0x2f Core/Src/freertos.o
 .debug_macro   0x0000000000001f68       0x1c Core/Src/freertos.o
 .debug_macro   0x0000000000001f84       0x22 Core/Src/freertos.o
 .debug_macro   0x0000000000001fa6       0xdf Core/Src/freertos.o
 .debug_macro   0x0000000000002085     0x102d Core/Src/freertos.o
 .debug_macro   0x00000000000030b2      0x11f Core/Src/freertos.o
 .debug_macro   0x00000000000031d1    0x15e3c Core/Src/freertos.o
 .debug_macro   0x000000000001900d       0x43 Core/Src/freertos.o
 .debug_macro   0x0000000000019050     0x3659 Core/Src/freertos.o
 .debug_macro   0x000000000001c6a9       0x5c Core/Src/freertos.o
 .debug_macro   0x000000000001c705      0x96b Core/Src/freertos.o
 .debug_macro   0x000000000001d070      0x9fe Core/Src/freertos.o
 .debug_macro   0x000000000001da6e      0x117 Core/Src/freertos.o
 .debug_macro   0x000000000001db85      0x13e Core/Src/freertos.o
 .debug_macro   0x000000000001dcc3       0x82 Core/Src/freertos.o
 .debug_macro   0x000000000001dd45      0x174 Core/Src/freertos.o
 .debug_macro   0x000000000001deb9      0x287 Core/Src/freertos.o
 .debug_macro   0x000000000001e140       0x5f Core/Src/freertos.o
 .debug_macro   0x000000000001e19f      0x236 Core/Src/freertos.o
 .debug_macro   0x000000000001e3d5      0x12c Core/Src/freertos.o
 .debug_macro   0x000000000001e501      0x21e Core/Src/freertos.o
 .debug_macro   0x000000000001e71f       0x2e Core/Src/freertos.o
 .debug_macro   0x000000000001e74d      0x11a Core/Src/freertos.o
 .debug_macro   0x000000000001e867       0x7e Core/Src/freertos.o
 .debug_macro   0x000000000001e8e5       0x89 Core/Src/freertos.o
 .debug_macro   0x000000000001e96e      0x8d1 Core/Src/freertos.o
 .debug_macro   0x000000000001f23f       0x47 Core/Src/freertos.o
 .debug_macro   0x000000000001f286      0x295 Core/Src/freertos.o
 .debug_macro   0x000000000001f51b      0x12d Core/Src/freertos.o
 .debug_macro   0x000000000001f648      0x28b Core/Src/main.o
 .debug_macro   0x000000000001f8d3       0xea Core/Src/main.o
 .debug_macro   0x000000000001f9bd       0x91 Core/Src/main.o
 .debug_macro   0x000000000001fa4e       0x8d Core/Src/main.o
 .debug_macro   0x000000000001fadb       0x7e Core/Src/main.o
 .debug_macro   0x000000000001fb59       0x19 Core/Src/main.o
 .debug_macro   0x000000000001fb72       0xf2 Core/Src/main.o
 .debug_macro   0x000000000001fc64      0x1d8 Core/Src/stm32f4xx_hal_msp.o
 .debug_macro   0x000000000001fe3c      0x1ce Core/Src/stm32f4xx_hal_timebase_tim.o
 .debug_macro   0x000000000002000a      0x1e2 Core/Src/stm32f4xx_it.o
 .debug_macro   0x00000000000201ec      0x1ce Core/Src/system_stm32f4xx.o
 .debug_macro   0x00000000000203ba      0x22e Drivers/STM32F4xx_HAL_Driver/Src/stm32f4xx_hal.o
 .debug_macro   0x00000000000205e8      0x1ce Drivers/STM32F4xx_HAL_Driver/Src/stm32f4xx_hal_cortex.o
 .debug_macro   0x00000000000207b6      0x1d4 Drivers/STM32F4xx_HAL_Driver/Src/stm32f4xx_hal_gpio.o
 .debug_macro   0x000000000002098a      0x1f2 Drivers/STM32F4xx_HAL_Driver/Src/stm32f4xx_hal_rcc.o
 .debug_macro   0x0000000000020b7c      0x1cf Drivers/STM32F4xx_HAL_Driver/Src/stm32f4xx_hal_tim.o
 .debug_macro   0x0000000000020d4b      0x1ce Drivers/STM32F4xx_HAL_Driver/Src/stm32f4xx_hal_tim_ex.o
 .debug_macro   0x0000000000020f19      0x1cf Drivers/STM32F4xx_HAL_Driver/Src/stm32f4xx_hal_uart.o
 .debug_macro   0x00000000000210e8      0x1fe Middlewares/Third_Party/FreeRTOS/Source/CMSIS_RTOS/cmsis_os.o
 .debug_macro   0x00000000000212e6       0x10 Middlewares/Third_Party/FreeRTOS/Source/CMSIS_RTOS/cmsis_os.o
 .debug_macro   0x00000000000212f6       0x20 Middlewares/Third_Party/FreeRTOS/Source/CMSIS_RTOS/cmsis_os.o
 .debug_macro   0x0000000000021316       0xc7 Middlewares/Third_Party/FreeRTOS/Source/CMSIS_RTOS/cmsis_os.o
 .debug_macro   0x00000000000213dd      0x187 Middlewares/Third_Party/FreeRTOS/Source/list.o
 .debug_macro   0x0000000000021564      0x216 Middlewares/Third_Party/FreeRTOS/Source/queue.o
 .debug_macro   0x000000000002177a       0x16 Middlewares/Third_Party/FreeRTOS/Source/queue.o
 .debug_macro   0x0000000000021790       0x87 Middlewares/Third_Party/FreeRTOS/Source/queue.o
 .debug_macro   0x0000000000021817      0x279 Middlewares/Third_Party/FreeRTOS/Source/tasks.o
 .debug_macro   0x0000000000021a90       0x10 Middlewares/Third_Party/FreeRTOS/Source/tasks.o
 .debug_macro   0x0000000000021aa0      0x196 Middlewares/Third_Party/FreeRTOS/Source/portable/GCC/ARM_CM4F/port.o
 .debug_macro   0x0000000000021c36      0x1ae Middlewares/Third_Party/FreeRTOS/Source/portable/MemMang/heap_4.o

.debug_line     0x0000000000000000    0x11f15
 .debug_line    0x0000000000000000      0x7c5 Core/Src/freertos.o
 .debug_line    0x00000000000007c5      0xa64 Core/Src/main.o
 .debug_line    0x0000000000001229      0x715 Core/Src/stm32f4xx_hal_msp.o
 .debug_line    0x000000000000193e      0x726 Core/Src/stm32f4xx_hal_timebase_tim.o
 .debug_line    0x0000000000002064      0x763 Core/Src/stm32f4xx_it.o
 .debug_line    0x00000000000027c7      0x748 Core/Src/system_stm32f4xx.o
 .debug_line    0x0000000000002f0f       0x88 Core/Startup/startup_stm32f407vgtx.o
 .debug_line    0x0000000000002f97      0x9ae Drivers/STM32F4xx_HAL_Driver/Src/stm32f4xx_hal.o
 .debug_line    0x0000000000003945      0xc5d Drivers/STM32F4xx_HAL_Driver/Src/stm32f4xx_hal_cortex.o
 .debug_line    0x00000000000045a2      0xb26 Drivers/STM32F4xx_HAL_Driver/Src/stm32f4xx_hal_gpio.o
 .debug_line    0x00000000000050c8      0xd2a Drivers/STM32F4xx_HAL_Driver/Src/stm32f4xx_hal_rcc.o
 .debug_line    0x0000000000005df2     0x35da Drivers/STM32F4xx_HAL_Driver/Src/stm32f4xx_hal_tim.o
 .debug_line    0x00000000000093cc     0x197b Drivers/STM32F4xx_HAL_Driver/Src/stm32f4xx_hal_tim_ex.o
 .debug_line    0x000000000000ad47     0x1a74 Drivers/STM32F4xx_HAL_Driver/Src/stm32f4xx_hal_uart.o
 .debug_line    0x000000000000c7bb     0x11c4 Middlewares/Third_Party/FreeRTOS/Source/CMSIS_RTOS/cmsis_os.o
 .debug_line    0x000000000000d97f      0x70b Middlewares/Third_Party/FreeRTOS/Source/list.o
 .debug_line    0x000000000000e08a     0x148c Middlewares/Third_Party/FreeRTOS/Source/queue.o
 .debug_line    0x000000000000f516     0x191b Middlewares/Third_Party/FreeRTOS/Source/tasks.o
 .debug_line    0x0000000000010e31      0x7af Middlewares/Third_Party/FreeRTOS/Source/portable/GCC/ARM_CM4F/port.o
 .debug_line    0x00000000000115e0      0x935 Middlewares/Third_Party/FreeRTOS/Source/portable/MemMang/heap_4.o

.debug_str      0x0000000000000000    0xd27dd
 .debug_str     0x0000000000000000    0xc6c28 Core/Src/freertos.o
                                      0xc6ede (size before relaxing)
 .debug_str     0x00000000000c6c28     0x2e3b Core/Src/main.o
                                      0xc9d75 (size before relaxing)
 .debug_str     0x00000000000c9a63      0x527 Core/Src/stm32f4xx_hal_msp.o
                                      0xc3a8f (size before relaxing)
 .debug_str     0x00000000000c9f8a       0xaa Core/Src/stm32f4xx_hal_timebase_tim.o
                                      0xc3bd9 (size before relaxing)
 .debug_str     0x00000000000ca034       0xab Core/Src/stm32f4xx_it.o
                                      0xc357d (size before relaxing)
 .debug_str     0x00000000000ca0df       0xaf Core/Src/system_stm32f4xx.o
                                      0xc314c (size before relaxing)
 .debug_str     0x00000000000ca18e       0x36 Core/Startup/startup_stm32f407vgtx.o
                                         0x6f (size before relaxing)
 .debug_str     0x00000000000ca1c4      0x542 Drivers/STM32F4xx_HAL_Driver/Src/stm32f4xx_hal.o
                                      0xc3c2e (size before relaxing)
 .debug_str     0x00000000000ca706      0x389 Drivers/STM32F4xx_HAL_Driver/Src/stm32f4xx_hal_cortex.o
                                      0xc3a1d (size before relaxing)
 .debug_str     0x00000000000caa8f      0x17b Drivers/STM32F4xx_HAL_Driver/Src/stm32f4xx_hal_gpio.o
                                      0xc32f3 (size before relaxing)
 .debug_str     0x00000000000cac0a      0x24f Drivers/STM32F4xx_HAL_Driver/Src/stm32f4xx_hal_rcc.o
                                      0xc354e (size before relaxing)
 .debug_str     0x00000000000cae59      0xe4d Drivers/STM32F4xx_HAL_Driver/Src/stm32f4xx_hal_tim.o
                                      0xc4474 (size before relaxing)
 .debug_str     0x00000000000cbca6      0x538 Drivers/STM32F4xx_HAL_Driver/Src/stm32f4xx_hal_tim_ex.o
                                      0xc3c25 (size before relaxing)
 .debug_str     0x00000000000cc1de      0x5ed Drivers/STM32F4xx_HAL_Driver/Src/stm32f4xx_hal_uart.o
                                      0xc3ab0 (size before relaxing)
 .debug_str     0x00000000000cc7cb     0x393d Middlewares/Third_Party/FreeRTOS/Source/CMSIS_RTOS/cmsis_os.o
                                       0xe533 (size before relaxing)
 .debug_str     0x00000000000d0108      0x219 Middlewares/Third_Party/FreeRTOS/Source/list.o
                                       0xab61 (size before relaxing)
 .debug_str     0x00000000000d0321      0x816 Middlewares/Third_Party/FreeRTOS/Source/queue.o
                                       0xc36b (size before relaxing)
 .debug_str     0x00000000000d0b37     0x115f Middlewares/Third_Party/FreeRTOS/Source/tasks.o
                                       0xcdcb (size before relaxing)
 .debug_str     0x00000000000d1c96      0x803 Middlewares/Third_Party/FreeRTOS/Source/portable/GCC/ARM_CM4F/port.o
                                       0x86a0 (size before relaxing)
 .debug_str     0x00000000000d2499      0x344 Middlewares/Third_Party/FreeRTOS/Source/portable/MemMang/heap_4.o
                                       0xb454 (size before relaxing)

.comment        0x0000000000000000       0x53
 .comment       0x0000000000000000       0x53 Core/Src/freertos.o
                                         0x54 (size before relaxing)
 .comment       0x0000000000000053       0x54 Core/Src/main.o
 .comment       0x0000000000000053       0x54 Core/Src/stm32f4xx_hal_msp.o
 .comment       0x0000000000000053       0x54 Core/Src/stm32f4xx_hal_timebase_tim.o
 .comment       0x0000000000000053       0x54 Core/Src/stm32f4xx_it.o
 .comment       0x0000000000000053       0x54 Core/Src/system_stm32f4xx.o
 .comment       0x0000000000000053       0x54 Drivers/STM32F4xx_HAL_Driver/Src/stm32f4xx_hal.o
 .comment       0x0000000000000053       0x54 Drivers/STM32F4xx_HAL_Driver/Src/stm32f4xx_hal_cortex.o
 .comment       0x0000000000000053       0x54 Drivers/STM32F4xx_HAL_Driver/Src/stm32f4xx_hal_gpio.o
 .comment       0x0000000000000053       0x54 Drivers/STM32F4xx_HAL_Driver/Src/stm32f4xx_hal_rcc.o
 .comment       0x0000000000000053       0x54 Drivers/STM32F4xx_HAL_Driver/Src/stm32f4xx_hal_tim.o
 .comment       0x0000000000000053       0x54 Drivers/STM32F4xx_HAL_Driver/Src/stm32f4xx_hal_tim_ex.o
 .comment       0x0000000000000053       0x54 Drivers/STM32F4xx_HAL_Driver/Src/stm32f4xx_hal_uart.o
 .comment       0x0000000000000053       0x54 Middlewares/Third_Party/FreeRTOS/Source/CMSIS_RTOS/cmsis_os.o
 .comment       0x0000000000000053       0x54 Middlewares/Third_Party/FreeRTOS/Source/list.o
 .comment       0x0000000000000053       0x54 Middlewares/Third_Party/FreeRTOS/Source/queue.o
 .comment       0x0000000000000053       0x54 Middlewares/Third_Party/FreeRTOS/Source/tasks.o
 .comment       0x0000000000000053       0x54 Middlewares/Third_Party/FreeRTOS/Source/portable/GCC/ARM_CM4F/port.o
 .comment       0x0000000000000053       0x54 Middlewares/Third_Party/FreeRTOS/Source/portable/MemMang/heap_4.o

.debug_frame    0x0000000000000000     0x484c
 .debug_frame   0x0000000000000000       0x38 Core/Src/freertos.o
 .debug_frame   0x0000000000000038      0x134 Core/Src/main.o
 .debug_frame   0x000000000000016c       0x7c Core/Src/stm32f4xx_hal_msp.o
 .debug_frame   0x00000000000001e8       0x74 Core/Src/stm32f4xx_hal_timebase_tim.o
 .debug_frame   0x000000000000025c       0xc4 Core/Src/stm32f4xx_it.o
 .debug_frame   0x0000000000000320       0x58 Core/Src/system_stm32f4xx.o
 .debug_frame   0x0000000000000378      0x374 Drivers/STM32F4xx_HAL_Driver/Src/stm32f4xx_hal.o
 .debug_frame   0x00000000000006ec      0x498 Drivers/STM32F4xx_HAL_Driver/Src/stm32f4xx_hal_cortex.o
 .debug_frame   0x0000000000000b84      0x14c Drivers/STM32F4xx_HAL_Driver/Src/stm32f4xx_hal_gpio.o
 .debug_frame   0x0000000000000cd0      0x1f0 Drivers/STM32F4xx_HAL_Driver/Src/stm32f4xx_hal_rcc.o
 .debug_frame   0x0000000000000ec0     0x11bc Drivers/STM32F4xx_HAL_Driver/Src/stm32f4xx_hal_tim.o
 .debug_frame   0x000000000000207c      0x638 Drivers/STM32F4xx_HAL_Driver/Src/stm32f4xx_hal_tim_ex.o
 .debug_frame   0x00000000000026b4      0x924 Drivers/STM32F4xx_HAL_Driver/Src/stm32f4xx_hal_uart.o
 .debug_frame   0x0000000000002fd8      0x80c Middlewares/Third_Party/FreeRTOS/Source/CMSIS_RTOS/cmsis_os.o
 .debug_frame   0x00000000000037e4       0xd8 Middlewares/Third_Party/FreeRTOS/Source/list.o
 .debug_frame   0x00000000000038bc      0x46c Middlewares/Third_Party/FreeRTOS/Source/queue.o
 .debug_frame   0x0000000000003d28      0x77c Middlewares/Third_Party/FreeRTOS/Source/tasks.o
 .debug_frame   0x00000000000044a4      0x1a8 Middlewares/Third_Party/FreeRTOS/Source/portable/GCC/ARM_CM4F/port.o
 .debug_frame   0x000000000000464c      0x12c Middlewares/Third_Party/FreeRTOS/Source/portable/MemMang/heap_4.o
 .debug_frame   0x0000000000004778       0x2c c:/st/stm32cubeide_1.5.1/stm32cubeide/plugins/com.st.stm32cube.ide.mcu.externaltools.gnu-tools-for-stm32.9-2020-q2-update.win32_1.5.0.202011040924/tools/bin/../lib/gcc/arm-none-eabi/9.3.1/../../../../arm-none-eabi/lib/thumb/v7e-m+fp/hard\libc_nano.a(lib_a-init.o)
 .debug_frame   0x00000000000047a4       0x28 c:/st/stm32cubeide_1.5.1/stm32cubeide/plugins/com.st.stm32cube.ide.mcu.externaltools.gnu-tools-for-stm32.9-2020-q2-update.win32_1.5.0.202011040924/tools/bin/../lib/gcc/arm-none-eabi/9.3.1/../../../../arm-none-eabi/lib/thumb/v7e-m+fp/hard\libc_nano.a(lib_a-memcpy-stub.o)
 .debug_frame   0x00000000000047cc       0x20 c:/st/stm32cubeide_1.5.1/stm32cubeide/plugins/com.st.stm32cube.ide.mcu.externaltools.gnu-tools-for-stm32.9-2020-q2-update.win32_1.5.0.202011040924/tools/bin/../lib/gcc/arm-none-eabi/9.3.1/../../../../arm-none-eabi/lib/thumb/v7e-m+fp/hard\libc_nano.a(lib_a-memset.o)
 .debug_frame   0x00000000000047ec       0x2c c:/st/stm32cubeide_1.5.1/stm32cubeide/plugins/com.st.stm32cube.ide.mcu.externaltools.gnu-tools-for-stm32.9-2020-q2-update.win32_1.5.0.202011040924/tools/bin/../lib/gcc/arm-none-eabi/9.3.1/thumb/v7e-m+fp/hard\libgcc.a(_aeabi_uldivmod.o)
 .debug_frame   0x0000000000004818       0x34 c:/st/stm32cubeide_1.5.1/stm32cubeide/plugins/com.st.stm32cube.ide.mcu.externaltools.gnu-tools-for-stm32.9-2020-q2-update.win32_1.5.0.202011040924/tools/bin/../lib/gcc/arm-none-eabi/9.3.1/thumb/v7e-m+fp/hard\libgcc.a(_udivmoddi4.o)
